Component: ARM Compiler 5.06 update 5 (build 528) Tool: armlink [4d35e2]

==============================================================================

Section Cross References

    startup_stm32f103xb.o(STACK) refers (Special) to heapauxi.o(.text) for __use_two_region_memory
    startup_stm32f103xb.o(HEAP) refers (Special) to heapauxi.o(.text) for __use_two_region_memory
    startup_stm32f103xb.o(RESET) refers (Special) to heapauxi.o(.text) for __use_two_region_memory
    startup_stm32f103xb.o(RESET) refers to startup_stm32f103xb.o(STACK) for __initial_sp
    startup_stm32f103xb.o(RESET) refers to startup_stm32f103xb.o(.text) for Reset_Handler
    startup_stm32f103xb.o(RESET) refers to stm32f1xx_it.o(i.NMI_Handler) for NMI_Handler
    startup_stm32f103xb.o(RESET) refers to stm32f1xx_it.o(i.HardFault_Handler) for HardFault_Handler
    startup_stm32f103xb.o(RESET) refers to stm32f1xx_it.o(i.MemManage_Handler) for MemManage_Handler
    startup_stm32f103xb.o(RESET) refers to stm32f1xx_it.o(i.BusFault_Handler) for BusFault_Handler
    startup_stm32f103xb.o(RESET) refers to stm32f1xx_it.o(i.UsageFault_Handler) for UsageFault_Handler
    startup_stm32f103xb.o(RESET) refers to stm32f1xx_it.o(i.SVC_Handler) for SVC_Handler
    startup_stm32f103xb.o(RESET) refers to stm32f1xx_it.o(i.DebugMon_Handler) for DebugMon_Handler
    startup_stm32f103xb.o(RESET) refers to stm32f1xx_it.o(i.PendSV_Handler) for PendSV_Handler
    startup_stm32f103xb.o(RESET) refers to stm32f1xx_it.o(i.SysTick_Handler) for SysTick_Handler
    startup_stm32f103xb.o(RESET) refers to stm32f1xx_it.o(i.DMA1_Channel1_IRQHandler) for DMA1_Channel1_IRQHandler
    startup_stm32f103xb.o(RESET) refers to stm32f1xx_it.o(i.DMA1_Channel6_IRQHandler) for DMA1_Channel6_IRQHandler
    startup_stm32f103xb.o(RESET) refers to stm32f1xx_it.o(i.USB_LP_CAN1_RX0_IRQHandler) for USB_LP_CAN1_RX0_IRQHandler
    startup_stm32f103xb.o(RESET) refers to main.o(i.TIM3_IRQHandler) for TIM3_IRQHandler
    startup_stm32f103xb.o(.text) refers (Special) to heapauxi.o(.text) for __use_two_region_memory
    startup_stm32f103xb.o(.text) refers to system_stm32f1xx.o(i.SystemInit) for SystemInit
    startup_stm32f103xb.o(.text) refers to __main.o(!!!main) for __main
    startup_stm32f103xb.o(.text) refers to startup_stm32f103xb.o(HEAP) for Heap_Mem
    startup_stm32f103xb.o(.text) refers to startup_stm32f103xb.o(STACK) for Stack_Mem
    main.o(i.HAL_ADC_ConvCpltCallback) refers to main.o(.data) for .data
    main.o(i.HAL_TIM_PeriodElapsedCallback) refers to main.o(.bss) for .bss
    main.o(i.HAL_TIM_PeriodElapsedCallback) refers to main.o(.data) for .data
    main.o(i.MX_ADC1_Init) refers to stm32f1xx_hal_adc.o(i.HAL_ADC_Init) for HAL_ADC_Init
    main.o(i.MX_ADC1_Init) refers to stm32f1xx_hal_adc.o(i.HAL_ADC_ConfigChannel) for HAL_ADC_ConfigChannel
    main.o(i.MX_ADC1_Init) refers to main.o(.bss) for .bss
    main.o(i.MX_TIM3_Init) refers to rt_memclr_w.o(.text) for __aeabi_memclr4
    main.o(i.MX_TIM3_Init) refers to stm32f1xx_hal_tim.o(i.HAL_TIM_PWM_Init) for HAL_TIM_PWM_Init
    main.o(i.MX_TIM3_Init) refers to stm32f1xx_hal_tim_ex.o(i.HAL_TIMEx_MasterConfigSynchronization) for HAL_TIMEx_MasterConfigSynchronization
    main.o(i.MX_TIM3_Init) refers to stm32f1xx_hal_tim.o(i.HAL_TIM_PWM_ConfigChannel) for HAL_TIM_PWM_ConfigChannel
    main.o(i.MX_TIM3_Init) refers to stm32f1xx_hal_msp.o(i.HAL_TIM_MspPostInit) for HAL_TIM_MspPostInit
    main.o(i.MX_TIM3_Init) refers to main.o(.bss) for .bss
    main.o(i.Setup_Waveform) refers to fflt_clz.o(x$fpl$ffltu) for __aeabi_ui2f
    main.o(i.Setup_Waveform) refers to scalbnf.o(x$fpl$scalbnf) for __ARM_scalbnf
    main.o(i.Setup_Waveform) refers to fflt_clz.o(x$fpl$fflt) for __aeabi_i2f
    main.o(i.Setup_Waveform) refers to fdiv.o(x$fpl$fdiv) for __aeabi_fdiv
    main.o(i.Setup_Waveform) refers to fmul.o(x$fpl$fmul) for __aeabi_fmul
    main.o(i.Setup_Waveform) refers to f2d.o(x$fpl$f2d) for __aeabi_f2d
    main.o(i.Setup_Waveform) refers to sin.o(i.sin) for sin
    main.o(i.Setup_Waveform) refers to dmul.o(x$fpl$dmul) for __aeabi_dmul
    main.o(i.Setup_Waveform) refers to faddsub_clz.o(x$fpl$fadd) for __aeabi_fadd
    main.o(i.Setup_Waveform) refers to faddsub_clz.o(x$fpl$fsub) for __aeabi_fsub
    main.o(i.Setup_Waveform) refers to scalbn.o(x$fpl$scalbn) for __ARM_scalbn
    main.o(i.Setup_Waveform) refers to daddsub_clz.o(x$fpl$dsub) for __aeabi_dsub
    main.o(i.Setup_Waveform) refers to daddsub_clz.o(x$fpl$dadd) for __aeabi_dadd
    main.o(i.Setup_Waveform) refers to d2f.o(x$fpl$d2f) for __aeabi_d2f
    main.o(i.Setup_Waveform) refers to ffixu.o(x$fpl$ffixu) for __aeabi_f2uiz
    main.o(i.Setup_Waveform) refers to main.o(.bss) for .bss
    main.o(i.SystemClock_Config) refers to rt_memclr_w.o(.text) for __aeabi_memclr4
    main.o(i.SystemClock_Config) refers to stm32f1xx_hal_rcc.o(i.HAL_RCC_OscConfig) for HAL_RCC_OscConfig
    main.o(i.SystemClock_Config) refers to stm32f1xx_hal_rcc.o(i.HAL_RCC_ClockConfig) for HAL_RCC_ClockConfig
[...]
    i.USB_EnableGlobalInt                    0x080041a6   Section        0  stm32f1xx_ll_usb.o(i.USB_EnableGlobalInt)
    i.USB_LP_CAN1_RX0_IRQHandler             0x080041b8   Section        0  stm32f1xx_it.o(i.USB_LP_CAN1_RX0_IRQHandler)
    i.USB_ReadInterrupts                     0x080041c4   Section        0  stm32f1xx_ll_usb.o(i.USB_ReadInterrupts)
    i.USB_ReadPMA                            0x080041cc   Section        0  stm32f1xx_ll_usb.o(i.USB_ReadPMA)
    i.USB_SetCurrentMode                     0x080041f8   Section        0  stm32f1xx_ll_usb.o(i.USB_SetCurrentMode)
    i.USB_SetDevAddress                      0x080041fc   Section        0  stm32f1xx_ll_usb.o(i.USB_SetDevAddress)
    i.USB_WritePMA                           0x08004208   Section        0  stm32f1xx_ll_usb.o(i.USB_WritePMA)
    i.UsageFault_Handler                     0x0800422e   Section        0  stm32f1xx_it.o(i.UsageFault_Handler)
    i.__ARM_fpclassify                       0x08004230   Section        0  fpclassify.o(i.__ARM_fpclassify)
    i.__NVIC_SetPriority                     0x08004258   Section        0  stm32f1xx_hal_cortex.o(i.__NVIC_SetPriority)
    __NVIC_SetPriority                       0x08004259   Thumb Code    32  stm32f1xx_hal_cortex.o(i.__NVIC_SetPriority)
    i.__ieee754_rem_pio2                     0x08004278   Section        0  rred.o(i.__ieee754_rem_pio2)
    i.__kernel_cos                           0x08004600   Section        0  cos_i.o(i.__kernel_cos)
    i.__kernel_poly                          0x080046fc   Section        0  poly.o(i.__kernel_poly)
    i.__kernel_sin                           0x080047a8   Section        0  sin_i.o(i.__kernel_sin)
    i.__mathlib_dbl_infnan                   0x08004894   Section        0  dunder.o(i.__mathlib_dbl_infnan)
    i.__mathlib_dbl_invalid                  0x0800489a   Section        0  dunder.o(i.__mathlib_dbl_invalid)
    i.__mathlib_dbl_underflow                0x080048a8   Section        0  dunder.o(i.__mathlib_dbl_underflow)
    i.main                                   0x080048b8   Section        0  main.o(i.main)
    i.sin                                    0x080049b8   Section        0  sin.o(i.sin)
    x$fpl$d2f                                0x08004a58   Section       98  d2f.o(x$fpl$d2f)
    x$fpl$dadd                               0x08004abc   Section      336  daddsub_clz.o(x$fpl$dadd)
    _dadd1                                   0x08004acd   Thumb Code     0  daddsub_clz.o(x$fpl$dadd)
    x$fpl$dcheck1                            0x08004c0c   Section       16  dcheck1.o(x$fpl$dcheck1)
    x$fpl$ddiv                               0x08004c1c   Section      688  ddiv.o(x$fpl$ddiv)
    ddiv_entry                               0x08004c23   Thumb Code     0  ddiv.o(x$fpl$ddiv)
    x$fpl$dfix                               0x08004ecc   Section       94  dfix.o(x$fpl$dfix)
    x$fpl$dflt                               0x08004f2a   Section       46  dflt_clz.o(x$fpl$dflt)
    x$fpl$dfltu                              0x08004f58   Section       38  dflt_clz.o(x$fpl$dfltu)
    x$fpl$dmul                               0x08004f80   Section      340  dmul.o(x$fpl$dmul)
    x$fpl$dnaninf                            0x080050d4   Section      156  dnaninf.o(x$fpl$dnaninf)
    x$fpl$dretinf                            0x08005170   Section       12  dretinf.o(x$fpl$dretinf)
    x$fpl$drsb                               0x0800517c   Section       22  daddsub_clz.o(x$fpl$drsb)
    x$fpl$dsub                               0x08005194   Section      468  daddsub_clz.o(x$fpl$dsub)
    _dsub1                                   0x080051a5   Thumb Code     0  daddsub_clz.o(x$fpl$dsub)
    x$fpl$f2d                                0x08005368   Section       86  f2d.o(x$fpl$f2d)
    x$fpl$fadd                               0x080053c0   Section      196  faddsub_clz.o(x$fpl$fadd)
    _fadd1                                   0x080053cf   Thumb Code     0  faddsub_clz.o(x$fpl$fadd)
    x$fpl$fcheck1                            0x08005484   Section       12  fcheck1.o(x$fpl$fcheck1)
    x$fpl$fdiv                               0x08005490   Section      388  fdiv.o(x$fpl$fdiv)
    _fdiv1                                   0x08005491   Thumb Code     0  fdiv.o(x$fpl$fdiv)
    x$fpl$ffixu                              0x08005614   Section       62  ffixu.o(x$fpl$ffixu)
    x$fpl$fflt                               0x08005654   Section       48  fflt_clz.o(x$fpl$fflt)
    x$fpl$ffltu                              0x08005684   Section       38  fflt_clz.o(x$fpl$ffltu)
    x$fpl$fmul                               0x080056ac   Section      258  fmul.o(x$fpl$fmul)
    x$fpl$fnaninf                            0x080057ae   Section      140  fnaninf.o(x$fpl$fnaninf)
    x$fpl$fretinf                            0x0800583a   Section       10  fretinf.o(x$fpl$fretinf)
    x$fpl$fsub                               0x08005844   Section      234  faddsub_clz.o(x$fpl$fsub)
    _fsub1                                   0x08005853   Thumb Code     0  faddsub_clz.o(x$fpl$fsub)
    x$fpl$retnan                             0x0800592e   Section      100  retnan.o(x$fpl$retnan)
    x$fpl$scalbn                             0x08005992   Section       92  scalbn.o(x$fpl$scalbn)
    x$fpl$scalbnf                            0x080059ee   Section       76  scalbnf.o(x$fpl$scalbnf)
    x$fpl$trapveneer                         0x08005a3a   Section       48  trapv.o(x$fpl$trapveneer)
    .constdata                               0x08005a6a   Section       18  stm32f1xx_hal_rcc.o(.constdata)
    x$fpl$usenofp                            0x08005a6a   Section        0  usenofp.o(x$fpl$usenofp)
    aPredivFactorTable                       0x08005a6a   Data           2  stm32f1xx_hal_rcc.o(.constdata)
    aPLLMULFactorTable                       0x08005a6c   Data          16  stm32f1xx_hal_rcc.o(.constdata)
    .constdata                               0x08005a7c   Section       16  system_stm32f1xx.o(.constdata)
    .constdata                               0x08005a90   Section       48  cos_i.o(.constdata)
    C                                        0x08005a90   Data          48  cos_i.o(.constdata)
    .constdata                               0x08005ac0   Section      200  rred.o(.constdata)
    pio2s                                    0x08005ac0   Data          48  rred.o(.constdata)
    twooverpi                                0x08005af0   Data         152  rred.o(.constdata)
    .constdata                               0x08005b88   Section       40  sin_i.o(.constdata)
    S                                        0x08005b88   Data          40  sin_i.o(.constdata)
    .data                                    0x20000000   Section        4  main.o(.data)
    wave_idx                                 0x20000002   Data           2  main.o(.data)
    .data                                    0x20000004   Section       12  stm32f1xx_hal.o(.data)
    .data                                    0x20000010   Section        4  system_stm32f1xx.o(.data)
    .data                                    0x20000014   Section       28  usbd_desc.o(.data)
    .data                                    0x20000030   Section       50  usbd_desc.o(.data)
    .data                                    0x20000062   Section        6  usbd_cdc_if_1.o(.data)
    rx_state                                 0x20000062   Data           1  usbd_cdc_if_1.o(.data)
    r_cmd                                    0x20000063   Data           1  usbd_cdc_if_1.o(.data)
    r_wave                                   0x20000064   Data           1  usbd_cdc_if_1.o(.data)
    r_freq_h                                 0x20000065   Data           1  usbd_cdc_if_1.o(.data)
    r_freq_l                                 0x20000066   Data           1  usbd_cdc_if_1.o(.data)
    r_vpp                                    0x20000067   Data           1  usbd_cdc_if_1.o(.data)
    .data                                    0x20000068   Section       16  usbd_cdc_if_1.o(.data)
    .data                                    0x20000078   Section        1  usbd_ctlreq.o(.data)
    cfgidx                                   0x20000078   Data           1  usbd_ctlreq.o(.data)
    .data                                    0x2000007c   Section      215  usbd_cdc.o(.data)
    USBD_CDC_DeviceQualifierDesc             0x2000007c   Data          10  usbd_cdc.o(.data)
    .data                                    0x20000154   Section       56  usbd_cdc.o(.data)
    .bss                                     0x2000018c   Section     1128  main.o(.bss)
    .bss                                     0x200005f4   Section       68  main.o(.bss)
    .bss                                     0x20000638   Section       68  main.o(.bss)
    .bss                                     0x2000067c   Section      708  usb_device.o(.bss)
    .bss                                     0x20000940   Section      512  usbd_desc.o(.bss)
    .bss                                     0x20000b40   Section     2048  usbd_cdc_if_1.o(.bss)
    .bss                                     0x20001340   Section     1272  usbd_conf.o(.bss)
    mem                                      0x20001340   Data         544  usbd_conf.o(.bss)
    .bss                                     0x20001838   Section       96  libspace.o(.bss)
    HEAP                                     0x20001898   Section      512  startup_stm32f103xb.o(HEAP)
    Heap_Mem                                 0x20001898   Data         512  startup_stm32f103xb.o(HEAP)
    STACK                                    0x20001a98   Section     1024  startup_stm32f103xb.o(STACK)
    Stack_Mem                                0x20001a98   Data        1024  startup_stm32f103xb.o(STACK)
    __initial_sp                             0x20001e98   Data           0  startup_stm32f103xb.o(STACK)

    Global Symbols

    Symbol Name                              Value     Ov Type        Size  Object(Section)

    BuildAttributes$$THM_ISAv4$P$D$K$B$S$PE$A:L22UL41UL21$X:L11$S22US41US21$IEEE1$IW$USESV6$~STKCKD$USESV7$~SHL$OTIME$ROPI$IEEEX$EBA8$UX$STANDARDLIB$REQ8$PRES8$EABIv2 0x00000000   Number         0  anon$$obj.o ABSOLUTE
    __ARM_use_no_argv                        0x00000000   Number         0  main.o ABSOLUTE
    __ARM_exceptions_init                     - Undefined Weak Reference
    __alloca_initialize                       - Undefined Weak Reference
    __arm_preinit_                            - Undefined Weak Reference
    __cpp_initialize__aeabi_                  - Undefined Weak Reference
    __cxa_finalize                            - Undefined Weak Reference
    __rt_locale                               - Undefined Weak Reference
    __sigvec_lookup                           - Undefined Weak Reference
    _atexit_init                              - Undefined Weak Reference
    _call_atexit_fns                          - Undefined Weak Reference
    _clock_init                               - Undefined Weak Reference
    _fp_trap_init                             - Undefined Weak Reference
    _fp_trap_shutdown                         - Undefined Weak Reference
    _get_lc_collate                           - Undefined Weak Reference
    _get_lc_ctype                             - Undefined Weak Reference
    _get_lc_monetary                          - Undefined Weak Reference
    _get_lc_numeric                           - Undefined Weak Reference
    _get_lc_time                              - Undefined Weak Reference
    _getenv_init                              - Undefined Weak Reference
    _handle_redirection                       - Undefined Weak Reference
    _init_alloc                               - Undefined Weak Reference
    _init_user_alloc                          - Undefined Weak Reference
    _initio                                   - Undefined Weak Reference
    _rand_init                                - Undefined Weak Reference
    _signal_finish                            - Undefined Weak Reference
    _signal_init                              - Undefined Weak Reference
    _terminate_alloc                          - Undefined Weak Reference
    _terminate_user_alloc                     - Undefined Weak Reference
    _terminateio                              - Undefined Weak Reference
    __Vectors_Size                           0x000000ec   Number         0  startup_stm32f103xb.o ABSOLUTE
    __Vectors                                0x08000000   Data           4  startup_stm32f103xb.o(RESET)
    __Vectors_End                            0x080000ec   Data           0  startup_stm32f103xb.o(RESET)
    __main                                   0x080000ed   Thumb Code     8  __main.o(!!!main)
    __scatterload                            0x080000f5   Thumb Code     0  __scatter.o(!!!scatter)
    __scatterload_rt2                        0x080000f5   Thumb Code    44  __scatter.o(!!!scatter)
    __scatterload_rt2_thumb_only             0x080000f5   Thumb Code     0  __scatter.o(!!!scatter)
    __scatterload_null                       0x08000103   Thumb Code     0  __scatter.o(!!!scatter)
    __decompress                             0x08000129   Thumb Code    90  __dczerorl2.o(!!dczerorl2)
    __decompress1                            0x08000129   Thumb Code     0  __dczerorl2.o(!!dczerorl2)
    __scatterload_zeroinit                   0x08000185   Thumb Code    28  __scatter_zi.o(!!handler_zi)
    __rt_lib_init                            0x080001a1   Thumb Code     0  libinit.o(.ARM.Collect$$libinit$$00000000)
    __rt_lib_init_alloca_1                   0x080001a3   Thumb Code     0  libinit2.o(.ARM.Collect$$libinit$$0000002E)
    __rt_lib_init_argv_1                     0x080001a3   Thumb Code     0  libinit2.o(.ARM.Collect$$libinit$$0000002C)
    __rt_lib_init_atexit_1                   0x080001a3   Thumb Code     0  libinit2.o(.ARM.Collect$$libinit$$0000001B)
    __rt_lib_init_clock_1                    0x080001a3   Thumb Code     0  libinit2.o(.ARM.Collect$$libinit$$00000021)
    __rt_lib_init_cpp_1                      0x080001a3   Thumb Code     0  libinit2.o(.ARM.Collect$$libinit$$00000032)
    __rt_lib_init_exceptions_1               0x080001a3   Thumb Code     0  libinit2.o(.ARM.Collect$$libinit$$00000030)
    __rt_lib_init_fp_1                       0x080001a3   Thumb Code     0  libinit2.o(.ARM.Collect$$libinit$$00000002)
    __rt_lib_init_fp_trap_1                  0x080001a3   Thumb Code     0  libinit2.o(.ARM.Collect$$libinit$$0000001F)
    __rt_lib_init_getenv_1                   0x080001a3   Thumb Code     0  libinit2.o(.ARM.Collect$$libinit$$00000023)
    __rt_lib_init_heap_1                     0x080001a3   Thumb Code     0  libinit2.o(.ARM.Collect$$libinit$$0000000A)
    __rt_lib_init_lc_collate_1               0x080001a3   Thumb Code     0  libinit2.o(.ARM.Collect$$libinit$$00000011)
    __rt_lib_init_lc_ctype_1                 0x080001a3   Thumb Code     0  libinit2.o(.ARM.Collect$$libinit$$00000013)
    __rt_lib_init_lc_monetary_1              0x080001a3   Thumb Code     0  libinit2.o(.ARM.Collect$$libinit$$00000015)
    __rt_lib_init_lc_numeric_1               0x080001a3   Thumb Code     0  libinit2.o(.ARM.Collect$$libinit$$00000017)
    __rt_lib_init_lc_time_1                  0x080001a3   Thumb Code     0  libinit2.o(.ARM.Collect$$libinit$$00000019)
    __rt_lib_init_preinit_1                  0x080001a3   Thumb Code     0  libinit2.o(.ARM.Collect$$libinit$$00000004)
    __rt_lib_init_rand_1                     0x080001a3   Thumb Code     0  libinit2.o(.ARM.Collect$$libinit$$0000000E)
    __rt_lib_init_return                     0x080001a3   Thumb Code     0  libinit2.o(.ARM.Collect$$libinit$$00000033)
    __rt_lib_init_signal_1                   0x080001a3   Thumb Code     0  libinit2.o(.ARM.Collect$$libinit$$0000001D)
    __rt_lib_init_stdio_1                    0x080001a3   Thumb Code     0  libinit2.o(.ARM.Collect$$libinit$$00000025)
    __rt_lib_init_user_alloc_1               0x080001a3   Thumb Code     0  libinit2.o(.ARM.Collect$$libinit$$0000000C)
    __rt_lib_shutdown                        0x080001a5   Thumb Code     0  libshutdown.o(.ARM.Collect$$libshutdown$$00000000)
    __rt_lib_shutdown_cpp_1                  0x080001a7   Thumb Code     0  libshutdown2.o(.ARM.Collect$$libshutdown$$00000002)
    __rt_lib_shutdown_fp_trap_1              0x080001a7   Thumb Code     0  libshutdown2.o(.ARM.Collect$$libshutdown$$00000007)
    __rt_lib_shutdown_heap_1                 0x080001a7   Thumb Code     0  libshutdown2.o(.ARM.Collect$$libshutdown$$0000000F)
    __rt_lib_shutdown_return                 0x080001a7   Thumb Code     0  libshutdown2.o(.ARM.Collect$$libshutdown$$00000010)
    __rt_lib_shutdown_signal_1               0x080001a7   Thumb Code     0  libshutdown2.o(.ARM.Collect$$libshutdown$$0000000A)
    __rt_lib_shutdown_stdio_1                0x080001a7   Thumb Code     0  libshutdown2.o(.ARM.Collect$$libshutdown$$00000004)
    __rt_lib_shutdown_user_alloc_1           0x080001a7   Thumb Code     0  libshutdown2.o(.ARM.Collect$$libshutdown$$0000000C)
    __rt_entry                               0x080001a9   Thumb Code     0  __rtentry.o(.ARM.Collect$$rtentry$$00000000)
    __rt_entry_presh_1                       0x080001a9   Thumb Code     0  __rtentry2.o(.ARM.Collect$$rtentry$$00000002)
    __rt_entry_sh                            0x080001a9   Thumb Code     0  __rtentry4.o(.ARM.Collect$$rtentry$$00000004)
    __rt_entry_li                            0x080001af   Thumb Code     0  __rtentry2.o(.ARM.Collect$$rtentry$$0000000A)
    __rt_entry_postsh_1                      0x080001af   Thumb Code     0  __rtentry2.o(.ARM.Collect$$rtentry$$00000009)
    __rt_entry_main                          0x080001b3   Thumb Code     0  __rtentry2.o(.ARM.Collect$$rtentry$$0000000D)
    __rt_entry_postli_1                      0x080001b3   Thumb Code     0  __rtentry2.o(.ARM.Collect$$rtentry$$0000000C)
    __rt_exit                                0x080001bb   Thumb Code     0  rtexit.o(.ARM.Collect$$rtexit$$00000000)
    __rt_exit_ls                             0x080001bd   Thumb Code     0  rtexit2.o(.ARM.Collect$$rtexit$$00000003)
    __rt_exit_prels_1                        0x080001bd   Thumb Code     0  rtexit2.o(.ARM.Collect$$rtexit$$00000002)
    __rt_exit_exit                           0x080001c1   Thumb Code     0  rtexit2.o(.ARM.Collect$$rtexit$$00000004)
    Reset_Handler                            0x080001c9   Thumb Code     8  startup_stm32f103xb.o(.text)
    ADC1_2_IRQHandler                        0x080001e3   Thumb Code     0  startup_stm32f103xb.o(.text)
    CAN1_RX1_IRQHandler                      0x080001e3   Thumb Code     0  startup_stm32f103xb.o(.text)
    CAN1_SCE_IRQHandler                      0x080001e3   Thumb Code     0  startup_stm32f103xb.o(.text)
    DMA1_Channel2_IRQHandler                 0x080001e3   Thumb Code     0  startup_stm32f103xb.o(.text)
    DMA1_Channel3_IRQHandler                 0x080001e3   Thumb Code     0  startup_stm32f103xb.o(.text)
    DMA1_Channel4_IRQHandler                 0x080001e3   Thumb Code     0  startup_stm32f103xb.o(.text)
    DMA1_Channel5_IRQHandler                 0x080001e3   Thumb Code     0  startup_stm32f103xb.o(.text)
    DMA1_Channel7_IRQHandler                 0x080001e3   Thumb Code     0  startup_stm32f103xb.o(.text)
    EXTI0_IRQHandler                         0x080001e3   Thumb Code     0  startup_stm32f103xb.o(.text)
    EXTI15_10_IRQHandler                     0x080001e3   Thumb Code     0  startup_stm32f103xb.o(.text)
    EXTI1_IRQHandler                         0x080001e3   Thumb Code     0  startup_stm32f103xb.o(.text)
    EXTI2_IRQHandler                         0x080001e3   Thumb Code     0  startup_stm32f103xb.o(.text)
    EXTI3_IRQHandler                         0x080001e3   Thumb Code     0  startup_stm32f103xb.o(.text)
    EXTI4_IRQHandler                         0x080001e3   Thumb Code     0  startup_stm32f103xb.o(.text)
    EXTI9_5_IRQHandler                       0x080001e3   Thumb Code     0  startup_stm32f103xb.o(.text)
    FLASH_IRQHandler                         0x080001e3   Thumb Code     0  startup_stm32f103xb.o(.text)
    I2C1_ER_IRQHandler                       0x080001e3   Thumb Code     0  startup_stm32f103xb.o(.text)
    I2C1_EV_IRQHandler                       0x080001e3   Thumb Code     0  startup_stm32f103xb.o(.text)
    I2C2_ER_IRQHandler                       0x080001e3   Thumb Code     0  startup_stm32f103xb.o(.text)
    I2C2_EV_IRQHandler                       0x080001e3   Thumb Code     0  startup_stm32f103xb.o(.text)
    PVD_IRQHandler                           0x080001e3   Thumb Code     0  startup_stm32f103xb.o(.text)
    RCC_IRQHandler                           0x080001e3   Thumb Code     0  startup_stm32f103xb.o(.text)
    RTC_Alarm_IRQHandler                     0x080001e3   Thumb Code     0  startup_stm32f103xb.o(.text)
    RTC_IRQHandler                           0x080001e3   Thumb Code     0  startup_stm32f103xb.o(.text)
    SPI1_IRQHandler                          0x080001e3   Thumb Code     0  startup_stm32f103xb.o(.text)
    SPI2_IRQHandler                          0x080001e3   Thumb Code     0  startup_stm32f103xb.o(.text)
    TAMPER_IRQHandler                        0x080001e3   Thumb Code     0  startup_stm32f103xb.o(.text)
    TIM1_BRK_IRQHandler                      0x080001e3   Thumb Code     0  startup_stm32f103xb.o(.text)
    TIM1_CC_IRQHandler                       0x080001e3   Thumb Code     0  startup_stm32f103xb.o(.text)
    TIM1_TRG_COM_IRQHandler                  0x080001e3   Thumb Code     0  startup_stm32f103xb.o(.text)
    TIM1_UP_IRQHandler                       0x080001e3   Thumb Code     0  startup_stm32f103xb.o(.text)
    TIM2_IRQHandler                          0x080001e3   Thumb Code     0  startup_stm32f103xb.o(.text)
    TIM4_IRQHandler                          0x080001e3   Thumb Code     0  startup_stm32f103xb.o(.text)
    USART1_IRQHandler                        0x080001e3   Thumb Code     0  startup_stm32f103xb.o(.text)
    USART2_IRQHandler                        0x080001e3   Thumb Code     0  startup_stm32f103xb.o(.text)
    USART3_IRQHandler                        0x080001e3   Thumb Code     0  startup_stm32f103xb.o(.text)
    USBWakeUp_IRQHandler                     0x080001e3   Thumb Code     0  startup_stm32f103xb.o(.text)
    USB_HP_CAN1_TX_IRQHandler                0x080001e3   Thumb Code     0  startup_stm32f103xb.o(.text)
    WWDG_IRQHandler                          0x080001e3   Thumb Code     0  startup_stm32f103xb.o(.text)
    __user_initial_stackheap                 0x080001e5   Thumb Code     0  startup_stm32f103xb.o(.text)
    __aeabi_memclr4                          0x08000209   Thumb Code     0  rt_memclr_w.o(.text)
    __aeabi_memclr8                          0x08000209   Thumb Code     0  rt_memclr_w.o(.text)
    __rt_memclr_w                            0x08000209   Thumb Code    78  rt_memclr_w.o(.text)
    _memset_w                                0x0800020d   Thumb Code     0  rt_memclr_w.o(.text)
    __use_two_region_memory                  0x08000257   Thumb Code     2  heapauxi.o(.text)
    __rt_heap_escrow$2region                 0x08000259   Thumb Code     2  heapauxi.o(.text)
    __rt_heap_expand$2region                 0x0800025b   Thumb Code     2  heapauxi.o(.text)
    __read_errno                             0x0800025d   Thumb Code    10  _rserrno.o(.text)
    __set_errno                              0x08000267   Thumb Code    12  _rserrno.o(.text)
    __aeabi_errno_addr                       0x08000275   Thumb Code     8  rt_errno_addr_intlibspace.o(.text)
    __errno$intlibspace                      0x08000275   Thumb Code     0  rt_errno_addr_intlibspace.o(.text)
    __rt_errno_addr$intlibspace              0x08000275   Thumb Code     0  rt_errno_addr_intlibspace.o(.text)
    __user_libspace                          0x0800027d   Thumb Code     8  libspace.o(.text)
    __user_perproc_libspace                  0x0800027d   Thumb Code     0  libspace.o(.text)
    __user_perthread_libspace                0x0800027d   Thumb Code     0  libspace.o(.text)
    __user_setup_stackheap                   0x08000285   Thumb Code    74  sys_stackheap_outer.o(.text)
    exit                                     0x080002cf   Thumb Code    18  exit.o(.text)
    _sys_exit                                0x080002e1   Thumb Code     8  sys_exit.o(.text)
    __I$use$semihosting                      0x080002ed   Thumb Code     0  use_no_semi.o(.text)
    __use_no_semihosting_swi                 0x080002ed   Thumb Code     2  use_no_semi.o(.text)
    __semihosting_library_function           0x080002ef   Thumb Code     0  indicate_semi.o(.text)
    ADC_ConversionStop_Disable               0x080002f1   Thumb Code    86  stm32f1xx_hal_adc.o(i.ADC_ConversionStop_Disable)
    ADC_DMAConvCplt                          0x08000347   Thumb Code    78  stm32f1xx_hal_adc.o(i.ADC_DMAConvCplt)
    ADC_DMAError                             0x08000395   Thumb Code    26  stm32f1xx_hal_adc.o(i.ADC_DMAError)
    ADC_DMAHalfConvCplt                      0x080003af   Thumb Code    10  stm32f1xx_hal_adc.o(i.ADC_DMAHalfConvCplt)
    ADC_Enable                               0x080003b9   Thumb Code   114  stm32f1xx_hal_adc.o(i.ADC_Enable)
    BusFault_Handler                         0x08000435   Thumb Code     2  stm32f1xx_it.o(i.BusFault_Handler)
    CDC_Transmit_FS                          0x0800050d   Thumb Code    38  usbd_cdc_if_1.o(i.CDC_Transmit_FS)
    DMA1_Channel1_IRQHandler                 0x08000539   Thumb Code     6  stm32f1xx_it.o(i.DMA1_Channel1_IRQHandler)
    DMA1_Channel6_IRQHandler                 0x08000545   Thumb Code     6  stm32f1xx_it.o(i.DMA1_Channel6_IRQHandler)
    DebugMon_Handler                         0x0800057b   Thumb Code     2  stm32f1xx_it.o(i.DebugMon_Handler)
    Error_Handler                            0x0800057d   Thumb Code     4  main.o(i.Error_Handler)
    HAL_ADC_ConfigChannel                    0x08000581   Thumb Code   240  stm32f1xx_hal_adc.o(i.HAL_ADC_ConfigChannel)
    HAL_ADC_ConvCpltCallback                 0x0800067d   Thumb Code    16  main.o(i.HAL_ADC_ConvCpltCallback)
    HAL_ADC_ConvHalfCpltCallback             0x08000695   Thumb Code     2  stm32f1xx_hal_adc.o(i.HAL_ADC_ConvHalfCpltCallback)
    HAL_ADC_ErrorCallback                    0x08000697   Thumb Code     2  stm32f1xx_hal_adc.o(i.HAL_ADC_ErrorCallback)
    HAL_ADC_Init                             0x08000699   Thumb Code   272  stm32f1xx_hal_adc.o(i.HAL_ADC_Init)
    HAL_ADC_MspInit                          0x080007b5   Thumb Code   122  stm32f1xx_hal_msp.o(i.HAL_ADC_MspInit)
    HAL_ADC_Start_DMA                        0x08000845   Thumb Code   246  stm32f1xx_hal_adc.o(i.HAL_ADC_Start_DMA)
    HAL_DMA_IRQHandler                       0x08000951   Thumb Code   316  stm32f1xx_hal_dma.o(i.HAL_DMA_IRQHandler)
    HAL_DMA_Init                             0x08000aa5   Thumb Code    84  stm32f1xx_hal_dma.o(i.HAL_DMA_Init)
    HAL_DMA_Start_IT                         0x08000b01   Thumb Code   112  stm32f1xx_hal_dma.o(i.HAL_DMA_Start_IT)
    HAL_GPIO_Init                            0x08000b71   Thumb Code   446  stm32f1xx_hal_gpio.o(i.HAL_GPIO_Init)
    HAL_GetTick                              0x08000d51   Thumb Code     6  stm32f1xx_hal.o(i.HAL_GetTick)
    HAL_IncTick                              0x08000d5d   Thumb Code    12  stm32f1xx_hal.o(i.HAL_IncTick)
    HAL_Init                                 0x08000d6d   Thumb Code    32  stm32f1xx_hal.o(i.HAL_Init)
    HAL_InitTick                             0x08000d91   Thumb Code    54  stm32f1xx_hal.o(i.HAL_InitTick)
    HAL_MspInit                              0x08000dd1   Thumb Code    52  stm32f1xx_hal_msp.o(i.HAL_MspInit)
    HAL_NVIC_EnableIRQ                       0x08000e0d   Thumb Code    26  stm32f1xx_hal_cortex.o(i.HAL_NVIC_EnableIRQ)
    HAL_NVIC_SetPriority                     0x08000e29   Thumb Code    60  stm32f1xx_hal_cortex.o(i.HAL_NVIC_SetPriority)
    HAL_NVIC_SetPriorityGrouping             0x08000e69   Thumb Code    26  stm32f1xx_hal_cortex.o(i.HAL_NVIC_SetPriorityGrouping)
    HAL_PCDEx_PMAConfig                      0x08000e8d   Thumb Code    60  stm32f1xx_hal_pcd_ex.o(i.HAL_PCDEx_PMAConfig)
    HAL_PCDEx_SetConnectionState             0x08000ec9   Thumb Code     2  usbd_conf.o(i.HAL_PCDEx_SetConnectionState)
    HAL_PCD_DataInStageCallback              0x08000ecb   Thumb Code    18  usbd_conf.o(i.HAL_PCD_DataInStageCallback)
    HAL_PCD_DataOutStageCallback             0x08000edd   Thumb Code    20  usbd_conf.o(i.HAL_PCD_DataOutStageCallback)
    HAL_PCD_EP_Close                         0x08000ef1   Thumb Code    74  stm32f1xx_hal_pcd.o(i.HAL_PCD_EP_Close)
    HAL_PCD_EP_ClrStall                      0x08000f3b   Thumb Code    90  stm32f1xx_hal_pcd.o(i.HAL_PCD_EP_ClrStall)
    HAL_PCD_EP_GetRxCount                    0x080013b3   Thumb Code    18  stm32f1xx_hal_pcd.o(i.HAL_PCD_EP_GetRxCount)
    HAL_PCD_EP_Open                          0x080013c5   Thumb Code    88  stm32f1xx_hal_pcd.o(i.HAL_PCD_EP_Open)
    HAL_PCD_EP_Receive                       0x0800141d   Thumb Code    46  stm32f1xx_hal_pcd.o(i.HAL_PCD_EP_Receive)
    HAL_PCD_EP_SetStall                      0x0800144b   Thumb Code   112  stm32f1xx_hal_pcd.o(i.HAL_PCD_EP_SetStall)
    HAL_PCD_EP_Transmit                      0x080014bb   Thumb Code    46  stm32f1xx_hal_pcd.o(i.HAL_PCD_EP_Transmit)
    HAL_PCD_IRQHandler                       0x080014e9   Thumb Code   308  stm32f1xx_hal_pcd.o(i.HAL_PCD_IRQHandler)
    HAL_PCD_Init                             0x0800161d   Thumb Code   186  stm32f1xx_hal_pcd.o(i.HAL_PCD_Init)
    HAL_PCD_MspInit                          0x080016d9   Thumb Code    50  usbd_conf.o(i.HAL_PCD_MspInit)
    HAL_PCD_ResetCallback                    0x08001715   Thumb Code    38  usbd_conf.o(i.HAL_PCD_ResetCallback)
    HAL_PCD_ResumeCallback                   0x0800173b   Thumb Code     8  usbd_conf.o(i.HAL_PCD_ResumeCallback)
    HAL_PCD_SOFCallback                      0x08001743   Thumb Code     8  usbd_conf.o(i.HAL_PCD_SOFCallback)
    HAL_PCD_SetAddress                       0x0800174b   Thumb Code    38  stm32f1xx_hal_pcd.o(i.HAL_PCD_SetAddress)
    HAL_PCD_SetupStageCallback               0x08001771   Thumb Code    14  usbd_conf.o(i.HAL_PCD_SetupStageCallback)
    HAL_PCD_Start                            0x0800177f   Thumb Code    50  stm32f1xx_hal_pcd.o(i.HAL_PCD_Start)
    HAL_PCD_SuspendCallback                  0x080017b1   Thumb Code    30  usbd_conf.o(i.HAL_PCD_SuspendCallback)
    HAL_RCCEx_PeriphCLKConfig                0x080017d5   Thumb Code   224  stm32f1xx_hal_rcc_ex.o(i.HAL_RCCEx_PeriphCLKConfig)
    HAL_RCC_ClockConfig                      0x080018c1   Thumb Code   280  stm32f1xx_hal_rcc.o(i.HAL_RCC_ClockConfig)
    HAL_RCC_GetSysClockFreq                  0x080019ed   Thumb Code    58  stm32f1xx_hal_rcc.o(i.HAL_RCC_GetSysClockFreq)
    HAL_RCC_OscConfig                        0x08001a39   Thumb Code   778  stm32f1xx_hal_rcc.o(i.HAL_RCC_OscConfig)
    HAL_SYSTICK_Config                       0x08001d59   Thumb Code    40  stm32f1xx_hal_cortex.o(i.HAL_SYSTICK_Config)
    HAL_TIMEx_BreakCallback                  0x08001d81   Thumb Code     2  stm32f1xx_hal_tim_ex.o(i.HAL_TIMEx_BreakCallback)
    HAL_TIMEx_CommutCallback                 0x08001d83   Thumb Code     2  stm32f1xx_hal_tim_ex.o(i.HAL_TIMEx_CommutCallback)
    HAL_TIMEx_MasterConfigSynchronization    0x08001d85   Thumb Code    92  stm32f1xx_hal_tim_ex.o(i.HAL_TIMEx_MasterConfigSynchronization)
    HAL_TIM_Base_Start                       0x08001ded   Thumb Code    66  stm32f1xx_hal_tim.o(i.HAL_TIM_Base_Start)
    HAL_TIM_Base_Start_IT                    0x08001e3d   Thumb Code    76  stm32f1xx_hal_tim.o(i.HAL_TIM_Base_Start_IT)
    HAL_TIM_IC_CaptureCallback               0x08001e95   Thumb Code     2  stm32f1xx_hal_tim.o(i.HAL_TIM_IC_CaptureCallback)
    HAL_TIM_IRQHandler                       0x08001e97   Thumb Code   304  stm32f1xx_hal_tim.o(i.HAL_TIM_IRQHandler)
    HAL_TIM_MspPostInit                      0x08001fc9   Thumb Code    62  stm32f1xx_hal_msp.o(i.HAL_TIM_MspPostInit)
    HAL_TIM_OC_DelayElapsedCallback          0x08002015   Thumb Code     2  stm32f1xx_hal_tim.o(i.HAL_TIM_OC_DelayElapsedCallback)
    HAL_TIM_PWM_ConfigChannel                0x08002017   Thumb Code   204  stm32f1xx_hal_tim.o(i.HAL_TIM_PWM_ConfigChannel)
    HAL_TIM_PWM_Init                         0x080020e3   Thumb Code    90  stm32f1xx_hal_tim.o(i.HAL_TIM_PWM_Init)
    HAL_TIM_PWM_MspInit                      0x0800213d   Thumb Code    80  stm32f1xx_hal_msp.o(i.HAL_TIM_PWM_MspInit)
    HAL_TIM_PWM_PulseFinishedCallback        0x0800219d   Thumb Code     2  stm32f1xx_hal_tim.o(i.HAL_TIM_PWM_PulseFinishedCallback)
    HAL_TIM_PWM_Start                        0x080021a1   Thumb Code   144  stm32f1xx_hal_tim.o(i.HAL_TIM_PWM_Start)
    HAL_TIM_PeriodElapsedCallback            0x0800223d   Thumb Code    40  main.o(i.HAL_TIM_PeriodElapsedCallback)
    HAL_TIM_TriggerCallback                  0x08002271   Thumb Code     2  stm32f1xx_hal_tim.o(i.HAL_TIM_TriggerCallback)
    HardFault_Handler                        0x08002273   Thumb Code     2  stm32f1xx_it.o(i.HardFault_Handler)
    MX_USB_DEVICE_Init                       0x080023a5   Thumb Code    66  usb_device.o(i.MX_USB_DEVICE_Init)
    MemManage_Handler                        0x080023f9   Thumb Code     2  stm32f1xx_it.o(i.MemManage_Handler)
    NMI_Handler                              0x080023fb   Thumb Code     2  stm32f1xx_it.o(i.NMI_Handler)
    PendSV_Handler                           0x080027a3   Thumb Code     2  stm32f1xx_it.o(i.PendSV_Handler)
    SVC_Handler                              0x080027a5   Thumb Code     2  stm32f1xx_it.o(i.SVC_Handler)
    Setup_Waveform                           0x080027a9   Thumb Code   300  main.o(i.Setup_Waveform)
    SysTick_Handler                          0x080028f5   Thumb Code     4  stm32f1xx_it.o(i.SysTick_Handler)
    SystemClock_Config                       0x080028f9   Thumb Code   124  main.o(i.SystemClock_Config)
    SystemInit                               0x08002975   Thumb Code     2  system_stm32f1xx.o(i.SystemInit)
    TIM3_IRQHandler                          0x08002979   Thumb Code     6  main.o(i.TIM3_IRQHandler)
    TIM_Base_SetConfig                       0x08002985   Thumb Code   108  stm32f1xx_hal_tim.o(i.TIM_Base_SetConfig)
    TIM_CCxChannelCmd                        0x080029fd   Thumb Code    26  stm32f1xx_hal_tim.o(i.TIM_CCxChannelCmd)
    TIM_OC2_SetConfig                        0x08002a69   Thumb Code    84  stm32f1xx_hal_tim.o(i.TIM_OC2_SetConfig)
    USBD_CDC_GetDeviceQualifierDescriptor    0x08002c39   Thumb Code     8  usbd_cdc.o(i.USBD_CDC_GetDeviceQualifierDescriptor)
    USBD_CDC_ReceivePacket                   0x08002cfd   Thumb Code    40  usbd_cdc.o(i.USBD_CDC_ReceivePacket)
    USBD_CDC_RegisterInterface               0x08002d25   Thumb Code    16  usbd_cdc.o(i.USBD_CDC_RegisterInterface)
    USBD_CDC_SetRxBuffer                     0x08002d35   Thumb Code    12  usbd_cdc.o(i.USBD_CDC_SetRxBuffer)
    USBD_CDC_SetTxBuffer                     0x08002d41   Thumb Code    16  usbd_cdc.o(i.USBD_CDC_SetTxBuffer)
    USBD_CDC_TransmitPacket                  0x08002dfd   Thumb Code    54  usbd_cdc.o(i.USBD_CDC_TransmitPacket)
    USBD_ClrClassConfig                      0x08002e33   Thumb Code    14  usbd_core.o(i.USBD_ClrClassConfig)
    USBD_CtlContinueRx                       0x08002e41   Thumb Code    16  usbd_ioreq.o(i.USBD_CtlContinueRx)
    USBD_CtlContinueSendData                 0x08002e51   Thumb Code    16  usbd_ioreq.o(i.USBD_CtlContinueSendData)
    USBD_CtlError                            0x08002e61   Thumb Code    22  usbd_ctlreq.o(i.USBD_CtlError)
    USBD_CtlPrepareRx                        0x08002e77   Thumb Code    30  usbd_ioreq.o(i.USBD_CtlPrepareRx)
    USBD_CtlReceiveStatus                    0x08002e95   Thumb Code    22  usbd_ioreq.o(i.USBD_CtlReceiveStatus)
    USBD_CtlSendData                         0x08002eab   Thumb Code    26  usbd_ioreq.o(i.USBD_CtlSendData)
    USBD_CtlSendStatus                       0x08002ec5   Thumb Code    22  usbd_ioreq.o(i.USBD_CtlSendStatus)
    USBD_FS_ConfigStrDescriptor              0x08002edd   Thumb Code    16  usbd_desc.o(i.USBD_FS_ConfigStrDescriptor)
    USBD_FS_DeviceDescriptor                 0x08002efd   Thumb Code     8  usbd_desc.o(i.USBD_FS_DeviceDescriptor)
    USBD_FS_InterfaceStrDescriptor           0x08002f09   Thumb Code    16  usbd_desc.o(i.USBD_FS_InterfaceStrDescriptor)
    USBD_FS_LangIDStrDescriptor              0x08002f2d   Thumb Code     8  usbd_desc.o(i.USBD_FS_LangIDStrDescriptor)
    USBD_FS_ManufacturerStrDescriptor        0x08002f39   Thumb Code    16  usbd_desc.o(i.USBD_FS_ManufacturerStrDescriptor)
    USBD_FS_ProductStrDescriptor             0x08002f61   Thumb Code    16  usbd_desc.o(i.USBD_FS_ProductStrDescriptor)
    USBD_FS_SerialStrDescriptor              0x08002f8d   Thumb Code    48  usbd_desc.o(i.USBD_FS_SerialStrDescriptor)
    USBD_GetString                           0x080030ad   Thumb Code    72  usbd_ctlreq.o(i.USBD_GetString)
    USBD_Init                                0x0800310d   Thumb Code    42  usbd_core.o(i.USBD_Init)
    USBD_LL_ClearStallEP                     0x08003137   Thumb Code    18  usbd_conf.o(i.USBD_LL_ClearStallEP)
    USBD_LL_CloseEP                          0x08003149   Thumb Code    18  usbd_conf.o(i.USBD_LL_CloseEP)
    USBD_LL_DataInStage                      0x0800315b   Thumb Code   198  usbd_core.o(i.USBD_LL_DataInStage)
    USBD_LL_DataOutStage                     0x08003221   Thumb Code   130  usbd_core.o(i.USBD_LL_DataOutStage)
    USBD_LL_GetRxDataSize                    0x080032a3   Thumb Code     8  usbd_conf.o(i.USBD_LL_GetRxDataSize)
    USBD_LL_Init                             0x080032ad   Thumb Code   118  usbd_conf.o(i.USBD_LL_Init)
    USBD_LL_IsStallEP                        0x0800332d   Thumb Code    30  usbd_conf.o(i.USBD_LL_IsStallEP)
    USBD_LL_OpenEP                           0x0800334b   Thumb Code    24  usbd_conf.o(i.USBD_LL_OpenEP)
    USBD_LL_PrepareReceive                   0x08003363   Thumb Code    18  usbd_conf.o(i.USBD_LL_PrepareReceive)
    USBD_LL_Reset                            0x08003375   Thumb Code    80  usbd_core.o(i.USBD_LL_Reset)
    USBD_LL_Resume                           0x080033c5   Thumb Code    20  usbd_core.o(i.USBD_LL_Resume)
    USBD_LL_SOF                              0x080033d9   Thumb Code    24  usbd_core.o(i.USBD_LL_SOF)
    USBD_LL_SetSpeed                         0x080033f1   Thumb Code     6  usbd_core.o(i.USBD_LL_SetSpeed)
    USBD_LL_SetUSBAddress                    0x080033f7   Thumb Code    18  usbd_conf.o(i.USBD_LL_SetUSBAddress)
    USBD_LL_SetupStage                       0x08003409   Thumb Code    90  usbd_core.o(i.USBD_LL_SetupStage)
    USBD_LL_StallEP                          0x08003463   Thumb Code    18  usbd_conf.o(i.USBD_LL_StallEP)
    USBD_LL_Start                            0x08003475   Thumb Code    18  usbd_conf.o(i.USBD_LL_Start)
    USBD_LL_Suspend                          0x08003487   Thumb Code    18  usbd_core.o(i.USBD_LL_Suspend)
    USBD_LL_Transmit                         0x08003499   Thumb Code    18  usbd_conf.o(i.USBD_LL_Transmit)
    USBD_ParseSetupRequest                   0x080034ab   Thumb Code    40  usbd_ctlreq.o(i.USBD_ParseSetupRequest)
    USBD_RegisterClass                       0x080034d3   Thumb Code    16  usbd_core.o(i.USBD_RegisterClass)
    USBD_SetClassConfig                      0x080034e3   Thumb Code    22  usbd_core.o(i.USBD_SetClassConfig)
    USBD_Start                               0x0800357d   Thumb Code    10  usbd_core.o(i.USBD_Start)
    USBD_StdDevReq                           0x08003587   Thumb Code   274  usbd_ctlreq.o(i.USBD_StdDevReq)
    USBD_StdEPReq                            0x08003699   Thumb Code   336  usbd_ctlreq.o(i.USBD_StdEPReq)
    USBD_StdItfReq                           0x080037e9   Thumb Code    78  usbd_ctlreq.o(i.USBD_StdItfReq)
    USBD_static_free                         0x08003837   Thumb Code     2  usbd_conf.o(i.USBD_static_free)
    USBD_static_malloc                       0x08003839   Thumb Code     4  usbd_conf.o(i.USBD_static_malloc)
    USB_ActivateEndpoint                     0x08003841   Thumb Code   668  stm32f1xx_ll_usb.o(i.USB_ActivateEndpoint)
    USB_CoreInit                             0x08003add   Thumb Code     4  stm32f1xx_ll_usb.o(i.USB_CoreInit)
    USB_DeactivateEndpoint                   0x08003ae1   Thumb Code   270  stm32f1xx_ll_usb.o(i.USB_DeactivateEndpoint)
    USB_DevConnect                           0x08003bef   Thumb Code     4  stm32f1xx_ll_usb.o(i.USB_DevConnect)
    USB_DevDisconnect                        0x08003bf3   Thumb Code     4  stm32f1xx_ll_usb.o(i.USB_DevDisconnect)
    USB_DevInit                              0x08003bf7   Thumb Code    18  stm32f1xx_ll_usb.o(i.USB_DevInit)
    USB_DisableGlobalInt                     0x08003c09   Thumb Code    14  stm32f1xx_ll_usb.o(i.USB_DisableGlobalInt)
    USB_EP0_OutStart                         0x08003c17   Thumb Code     4  stm32f1xx_ll_usb.o(i.USB_EP0_OutStart)
    USB_EPClearStall                         0x08003c1b   Thumb Code   120  stm32f1xx_ll_usb.o(i.USB_EPClearStall)
    USB_EPSetStall                           0x08003c93   Thumb Code    50  stm32f1xx_ll_usb.o(i.USB_EPSetStall)
    USB_EPStartXfer                          0x08003cc5   Thumb Code  1250  stm32f1xx_ll_usb.o(i.USB_EPStartXfer)
    USB_EnableGlobalInt                      0x080041a7   Thumb Code    18  stm32f1xx_ll_usb.o(i.USB_EnableGlobalInt)
    USB_LP_CAN1_RX0_IRQHandler               0x080041b9   Thumb Code     6  stm32f1xx_it.o(i.USB_LP_CAN1_RX0_IRQHandler)
    USB_ReadInterrupts                       0x080041c5   Thumb Code     6  stm32f1xx_ll_usb.o(i.USB_ReadInterrupts)
    USB_ReadPMA                              0x080041cd   Thumb Code    44  stm32f1xx_ll_usb.o(i.USB_ReadPMA)
    USB_SetCurrentMode                       0x080041f9   Thumb Code     4  stm32f1xx_ll_usb.o(i.USB_SetCurrentMode)
    USB_SetDevAddress                        0x080041fd   Thumb Code    12  stm32f1xx_ll_usb.o(i.USB_SetDevAddress)
    USB_WritePMA                             0x08004209   Thumb Code    38  stm32f1xx_ll_usb.o(i.USB_WritePMA)
    UsageFault_Handler                       0x0800422f   Thumb Code     2  stm32f1xx_it.o(i.UsageFault_Handler)
    __ARM_fpclassify                         0x08004231   Thumb Code    40  fpclassify.o(i.__ARM_fpclassify)
    __ieee754_rem_pio2                       0x08004279   Thumb Code   828  rred.o(i.__ieee754_rem_pio2)
    __kernel_cos                             0x08004601   Thumb Code   230  cos_i.o(i.__kernel_cos)
    __kernel_poly                            0x080046fd   Thumb Code   170  poly.o(i.__kernel_poly)
    __kernel_sin                             0x080047a9   Thumb Code   224  sin_i.o(i.__kernel_sin)
    __mathlib_dbl_infnan                     0x08004895   Thumb Code     6  dunder.o(i.__mathlib_dbl_infnan)
    __mathlib_dbl_invalid                    0x0800489b   Thumb Code    12  dunder.o(i.__mathlib_dbl_invalid)
    __mathlib_dbl_underflow                  0x080048a9   Thumb Code    10  dunder.o(i.__mathlib_dbl_underflow)
    main                                     0x080048b9   Thumb Code   238  main.o(i.main)
    sin                                      0x080049b9   Thumb Code   150  sin.o(i.sin)
    __aeabi_d2f                              0x08004a59   Thumb Code     0  d2f.o(x$fpl$d2f)
    _d2f                                     0x08004a59   Thumb Code    98  d2f.o(x$fpl$d2f)
    __aeabi_dadd                             0x08004abd   Thumb Code     0  daddsub_clz.o(x$fpl$dadd)
    _dadd                                    0x08004abd   Thumb Code   332  daddsub_clz.o(x$fpl$dadd)
    __fpl_dcheck_NaN1                        0x08004c0d   Thumb Code    10  dcheck1.o(x$fpl$dcheck1)
    __aeabi_ddiv                             0x08004c1d   Thumb Code     0  ddiv.o(x$fpl$ddiv)
    _ddiv                                    0x08004c1d   Thumb Code   552  ddiv.o(x$fpl$ddiv)
    __aeabi_d2iz                             0x08004ecd   Thumb Code     0  dfix.o(x$fpl$dfix)
    _dfix                                    0x08004ecd   Thumb Code    94  dfix.o(x$fpl$dfix)
    __aeabi_i2d                              0x08004f2b   Thumb Code     0  dflt_clz.o(x$fpl$dflt)
    _dflt                                    0x08004f2b   Thumb Code    46  dflt_clz.o(x$fpl$dflt)
    __aeabi_ui2d                             0x08004f59   Thumb Code     0  dflt_clz.o(x$fpl$dfltu)
    _dfltu                                   0x08004f59   Thumb Code    38  dflt_clz.o(x$fpl$dfltu)
    __aeabi_dmul                             0x08004f81   Thumb Code     0  dmul.o(x$fpl$dmul)
    _dmul                                    0x08004f81   Thumb Code   332  dmul.o(x$fpl$dmul)
    __fpl_dnaninf                            0x080050d5   Thumb Code   156  dnaninf.o(x$fpl$dnaninf)
    __fpl_dretinf                            0x08005171   Thumb Code    12  dretinf.o(x$fpl$dretinf)
    __aeabi_drsub                            0x0800517d   Thumb Code     0  daddsub_clz.o(x$fpl$drsb)
    _drsb                                    0x0800517d   Thumb Code    22  daddsub_clz.o(x$fpl$drsb)
    __aeabi_dsub                             0x08005195   Thumb Code     0  daddsub_clz.o(x$fpl$dsub)
    _dsub                                    0x08005195   Thumb Code   464  daddsub_clz.o(x$fpl$dsub)
    __aeabi_f2d                              0x08005369   Thumb Code     0  f2d.o(x$fpl$f2d)
    _f2d                                     0x08005369   Thumb Code    86  f2d.o(x$fpl$f2d)
    __aeabi_fadd                             0x080053c1   Thumb Code     0  faddsub_clz.o(x$fpl$fadd)
    _fadd                                    0x080053c1   Thumb Code   196  faddsub_clz.o(x$fpl$fadd)
    __fpl_fcheck_NaN1                        0x08005485   Thumb Code     6  fcheck1.o(x$fpl$fcheck1)
    __aeabi_fdiv                             0x08005491   Thumb Code     0  fdiv.o(x$fpl$fdiv)
    _fdiv                                    0x08005491   Thumb Code   384  fdiv.o(x$fpl$fdiv)
    __aeabi_f2uiz                            0x08005615   Thumb Code     0  ffixu.o(x$fpl$ffixu)
    _ffixu                                   0x08005615   Thumb Code    62  ffixu.o(x$fpl$ffixu)
    __aeabi_i2f                              0x08005655   Thumb Code     0  fflt_clz.o(x$fpl$fflt)
    _fflt                                    0x08005655   Thumb Code    48  fflt_clz.o(x$fpl$fflt)
    __aeabi_ui2f                             0x08005685   Thumb Code     0  fflt_clz.o(x$fpl$ffltu)
    _ffltu                                   0x08005685   Thumb Code    38  fflt_clz.o(x$fpl$ffltu)
    __aeabi_fmul                             0x080056ad   Thumb Code     0  fmul.o(x$fpl$fmul)
    _fmul                                    0x080056ad   Thumb Code   258  fmul.o(x$fpl$fmul)
    __fpl_fnaninf                            0x080057af   Thumb Code   140  fnaninf.o(x$fpl$fnaninf)
    __fpl_fretinf                            0x0800583b   Thumb Code    10  fretinf.o(x$fpl$fretinf)
    __aeabi_fsub                             0x08005845   Thumb Code     0  faddsub_clz.o(x$fpl$fsub)
    _fsub                                    0x08005845   Thumb Code   234  faddsub_clz.o(x$fpl$fsub)
    __fpl_return_NaN                         0x0800592f   Thumb Code   100  retnan.o(x$fpl$retnan)
    __ARM_scalbn                             0x08005993   Thumb Code    92  scalbn.o(x$fpl$scalbn)
    __ARM_scalbnf                            0x080059ef   Thumb Code    76  scalbnf.o(x$fpl$scalbnf)
    __fpl_cmpreturn                          0x08005a3b   Thumb Code    48  trapv.o(x$fpl$trapveneer)
    __I$use$fp                               0x08005a6a   Number         0  usenofp.o(x$fpl$usenofp)
    AHBPrescTable                            0x08005a7c   Data          16  system_stm32f1xx.o(.constdata)
    Region$$Table$$Base                      0x08005bb0   Number         0  anon$$obj.o(Region$$Table)
    Region$$Table$$Limit                     0x08005bd0   Number         0  anon$$obj.o(Region$$Table)
    data_ready_flag                          0x20000000   Data           1  main.o(.data)
    uwTickFreq                               0x20000004   Data           1  stm32f1xx_hal.o(.data)
    uwTickPrio                               0x20000008   Data           4  stm32f1xx_hal.o(.data)
    uwTick                                   0x2000000c   Data           4  stm32f1xx_hal.o(.data)
    SystemCoreClock                          0x20000010   Data           4  system_stm32f1xx.o(.data)
    FS_Desc                                  0x20000014   Data          28  usbd_desc.o(.data)
    USBD_LangIDDesc                          0x20000030   Data           4  usbd_desc.o(.data)
    USBD_FS_DeviceDesc                       0x20000034   Data          18  usbd_desc.o(.data)
    USBD_StringSerial                        0x20000048   Data          26  usbd_desc.o(.data)
    USBD_Interface_fops_FS                   0x20000068   Data          16  usbd_cdc_if_1.o(.data)
    USBD_CDC_CfgHSDesc                       0x20000088   Data          67  usbd_cdc.o(.data)
    USBD_CDC_CfgFSDesc                       0x200000cc   Data          67  usbd_cdc.o(.data)
    USBD_CDC_OtherSpeedCfgDesc               0x20000110   Data          67  usbd_cdc.o(.data)
    USBD_CDC                                 0x20000154   Data          56  usbd_cdc.o(.data)
    adc_buffer                               0x2000018c   Data         400  main.o(.bss)
    pwm_wave_buffer                          0x2000031c   Data         200  main.o(.bss)
    usb_tx_buffer                            0x200003e4   Data         405  main.o(.bss)
    hadc1                                    0x2000057c   Data          48  main.o(.bss)
    htim3                                    0x200005ac   Data          72  main.o(.bss)
    hdma_adc1                                0x200005f4   Data          68  main.o(.bss)
    hdma_tim3_ch1_trig                       0x20000638   Data          68  main.o(.bss)
    hUsbDeviceFS                             0x2000067c   Data         708  usb_device.o(.bss)
    USBD_StrDesc                             0x20000940   Data         512  usbd_desc.o(.bss)
    UserRxBufferFS                           0x20000b40   Data        1024  usbd_cdc_if_1.o(.bss)
    UserTxBufferFS                           0x20000f40   Data        1024  usbd_cdc_if_1.o(.bss)
    hpcd_USB_FS                              0x20001560   Data         728  usbd_conf.o(.bss)
    __libspace_start                         0x20001838   Data          96  libspace.o(.bss)
    __temporary_stack_top$libspace           0x20001898   Data           0  libspace.o(.bss)



==============================================================================

Memory Map of the image

  Image Entry point : 0x080000ed

  Load Region LR_IROM1 (Base: 0x08000000, Size: 0x00005d5c, Max: 0x00010000, ABSOLUTE, COMPRESSED[0x00005c90])

    Execution Region ER_IROM1 (Exec base: 0x08000000, Load base: 0x08000000, Size: 0x00005bd0, Max: 0x00010000, ABSOLUTE)

    Exec Addr    Load Addr    Size         Type   Attr      Idx    E Section Name        Object

    0x08000000   0x08000000   0x000000ec   Data   RO            3    RESET               startup_stm32f103xb.o
    0x080000ec   0x080000ec   0x00000008   Code   RO         3900  * !!!main             c_w.l(__main.o)
    0x080000f4   0x080000f4   0x00000034   Code   RO         4175    !!!scatter          c_w.l(__scatter.o)
    0x08000128   0x08000128   0x0000005a   Code   RO         4173    !!dczerorl2         c_w.l(__dczerorl2.o)
    0x08000182   0x08000182   0x00000002   PAD
    0x08000184   0x08000184   0x0000001c   Code   RO         4177    !!handler_zi        c_w.l(__scatter_zi.o)
    0x080001a0   0x080001a0   0x00000002   Code   RO         4044    .ARM.Collect$$libinit$$00000000  c_w.l(libinit.o)
    0x080001a2   0x080001a2   0x00000000   Code   RO         4050    .ARM.Collect$$libinit$$00000002  c_w.l(libinit2.o)
    0x080001a2   0x080001a2   0x00000000   Code   RO         4052    .ARM.Collect$$libinit$$00000004  c_w.l(libinit2.o)
    0x080001a2   0x080001a2   0x00000000   Code   RO         4055    .ARM.Collect$$libinit$$0000000A  c_w.l(libinit2.o)
    0x080001a2   0x080001a2   0x00000000   Code   RO         4057    .ARM.Collect$$libinit$$0000000C  c_w.l(libinit2.o)
    0x080001a2   0x080001a2   0x00000000   Code   RO         4059    .ARM.Collect$$libinit$$0000000E  c_w.l(libinit2.o)
    0x080001a2   0x080001a2   0x00000000   Code   RO         4062    .ARM.Collect$$libinit$$00000011  c_w.l(libinit2.o)
    0x080001a2   0x080001a2   0x00000000   Code   RO         4064    .ARM.Collect$$libinit$$00000013  c_w.l(libinit2.o)
    0x080001a2   0x080001a2   0x00000000   Code   RO         4066    .ARM.Collect$$libinit$$00000015  c_w.l(libinit2.o)
    0x080001a2   0x080001a2   0x00000000   Code   RO         4068    .ARM.Collect$$libinit$$00000017  c_w.l(libinit2.o)
    0x080001a2   0x080001a2   0x00000000   Code   RO         4070    .ARM.Collect$$libinit$$00000019  c_w.l(libinit2.o)
    0x080001a2   0x080001a2   0x00000000   Code   RO         4072    .ARM.Collect$$libinit$$0000001B  c_w.l(libinit2.o)
    0x080001a2   0x080001a2   0x00000000   Code   RO         4074    .ARM.Collect$$libinit$$0000001D  c_w.l(libinit2.o)
    0x080001a2   0x080001a2   0x00000000   Code   RO         4076    .ARM.Collect$$libinit$$0000001F  c_w.l(libinit2.o)
    0x080001a2   0x080001a2   0x00000000   Code   RO         4078    .ARM.Collect$$libinit$$00000021  c_w.l(libinit2.o)
    0x080001a2   0x080001a2   0x00000000   Code   RO         4080    .ARM.Collect$$libinit$$00000023  c_w.l(libinit2.o)
    0x080001a2   0x080001a2   0x00000000   Code   RO         4082    .ARM.Collect$$libinit$$00000025  c_w.l(libinit2.o)
    0x080001a2   0x080001a2   0x00000000   Code   RO         4086    .ARM.Collect$$libinit$$0000002C  c_w.l(libinit2.o)
    0x080001a2   0x080001a2   0x00000000   Code   RO         4088    .ARM.Collect$$libinit$$0000002E  c_w.l(libinit2.o)
    0x080001a2   0x080001a2   0x00000000   Code   RO         4090    .ARM.Collect$$libinit$$00000030  c_w.l(libinit2.o)
    0x080001a2   0x080001a2   0x00000000   Code   RO         4092    .ARM.Collect$$libinit$$00000032  c_w.l(libinit2.o)
    0x080001a2   0x080001a2   0x00000002   Code   RO         4093    .ARM.Collect$$libinit$$00000033  c_w.l(libinit2.o)
    0x080001a4   0x080001a4   0x00000002   Code   RO         4113    .ARM.Collect$$libshutdown$$00000000  c_w.l(libshutdown.o)
    0x080001a6   0x080001a6   0x00000000   Code   RO         4126    .ARM.Collect$$libshutdown$$00000002  c_w.l(libshutdown2.o)
    0x080001a6   0x080001a6   0x00000000   Code   RO         4128    .ARM.Collect$$libshutdown$$00000004  c_w.l(libshutdown2.o)
    0x080001a6   0x080001a6   0x00000000   Code   RO         4131    .ARM.Collect$$libshutdown$$00000007  c_w.l(libshutdown2.o)
    0x080001a6   0x080001a6   0x00000000   Code   RO         4134    .ARM.Collect$$libshutdown$$0000000A  c_w.l(libshutdown2.o)
    0x080001a6   0x080001a6   0x00000000   Code   RO         4136    .ARM.Collect$$libshutdown$$0000000C  c_w.l(libshutdown2.o)
    0x080001a6   0x080001a6   0x00000000   Code   RO         4139    .ARM.Collect$$libshutdown$$0000000F  c_w.l(libshutdown2.o)
    0x080001a6   0x080001a6   0x00000002   Code   RO         4140    .ARM.Collect$$libshutdown$$00000010  c_w.l(libshutdown2.o)
    0x080001a8   0x080001a8   0x00000000   Code   RO         3948    .ARM.Collect$$rtentry$$00000000  c_w.l(__rtentry.o)
    0x080001a8   0x080001a8   0x00000000   Code   RO         3993    .ARM.Collect$$rtentry$$00000002  c_w.l(__rtentry2.o)
    0x080001a8   0x080001a8   0x00000006   Code   RO         4005    .ARM.Collect$$rtentry$$00000004  c_w.l(__rtentry4.o)
    0x080001ae   0x080001ae   0x00000000   Code   RO         3995    .ARM.Collect$$rtentry$$00000009  c_w.l(__rtentry2.o)
    0x080001ae   0x080001ae   0x00000004   Code   RO         3996    .ARM.Collect$$rtentry$$0000000A  c_w.l(__rtentry2.o)
    0x080001b2   0x080001b2   0x00000000   Code   RO         3998    .ARM.Collect$$rtentry$$0000000C  c_w.l(__rtentry2.o)
    0x080001b2   0x080001b2   0x00000008   Code   RO         3999    .ARM.Collect$$rtentry$$0000000D  c_w.l(__rtentry2.o)
    0x080001ba   0x080001ba   0x00000002   Code   RO         4047    .ARM.Collect$$rtexit$$00000000  c_w.l(rtexit.o)
    0x080001bc   0x080001bc   0x00000000   Code   RO         4095    .ARM.Collect$$rtexit$$00000002  c_w.l(rtexit2.o)
    0x080001bc   0x080001bc   0x00000004   Code   RO         4096    .ARM.Collect$$rtexit$$00000003  c_w.l(rtexit2.o)
    0x080001c0   0x080001c0   0x00000006   Code   RO         4097    .ARM.Collect$$rtexit$$00000004  c_w.l(rtexit2.o)
    0x080001c6   0x080001c6   0x00000002   PAD
    0x080001c8   0x080001c8   0x00000040   Code   RO            4    .text               startup_stm32f103xb.o
    0x08000208   0x08000208   0x0000004e   Code   RO         3896    .text               c_w.l(rt_memclr_w.o)
    0x08000256   0x08000256   0x00000006   Code   RO         3898    .text               c_w.l(heapauxi.o)
    0x0800025c   0x0800025c   0x00000016   Code   RO         3949    .text               c_w.l(_rserrno.o)
    0x08000272   0x08000272   0x00000002   PAD
    0x08000274   0x08000274   0x00000008   Code   RO         4010    .text               c_w.l(rt_errno_addr_intlibspace.o)
    0x0800027c   0x0800027c   0x00000008   Code   RO         4032    .text               c_w.l(libspace.o)
    0x08000284   0x08000284   0x0000004a   Code   RO         4035    .text               c_w.l(sys_stackheap_outer.o)
    0x080002ce   0x080002ce   0x00000012   Code   RO         4037    .text               c_w.l(exit.o)
    0x080002e0   0x080002e0   0x0000000c   Code   RO         4105    .text               c_w.l(sys_exit.o)
    0x080002ec   0x080002ec   0x00000002   Code   RO         4116    .text               c_w.l(use_no_semi.o)
    0x080002ee   0x080002ee   0x00000000   Code   RO         4118    .text               c_w.l(indicate_semi.o)
    0x080002ee   0x080002ee   0x00000002   PAD
    0x080002f0   0x080002f0   0x00000056   Code   RO         1856    i.ADC_ConversionStop_Disable  stm32f1xx_hal_adc.o
    0x08000346   0x08000346   0x0000004e   Code   RO         1857    i.ADC_DMAConvCplt   stm32f1xx_hal_adc.o
    0x08000394   0x08000394   0x0000001a   Code   RO         1858    i.ADC_DMAError      stm32f1xx_hal_adc.o
    0x080003ae   0x080003ae   0x0000000a   Code   RO         1859    i.ADC_DMAHalfConvCplt  stm32f1xx_hal_adc.o
    0x080003b8   0x080003b8   0x0000007c   Code   RO         1860    i.ADC_Enable        stm32f1xx_hal_adc.o
    0x08000434   0x08000434   0x00000002   Code   RO          229    i.BusFault_Handler  stm32f1xx_it.o
    0x08000436   0x08000436   0x00000004   Code   RO         3260    i.CDC_Control_FS    usbd_cdc_if_1.o
    0x0800043a   0x0800043a   0x00000004   Code   RO         3261    i.CDC_DeInit_FS     usbd_cdc_if_1.o
    0x0800043e   0x0800043e   0x00000002   PAD
    0x08000440   0x08000440   0x00000024   Code   RO         3262    i.CDC_Init_FS       usbd_cdc_if_1.o
    0x08000464   0x08000464   0x000000a8   Code   RO         3263    i.CDC_Receive_FS    usbd_cdc_if_1.o
    0x0800050c   0x0800050c   0x0000002c   Code   RO         3264    i.CDC_Transmit_FS   usbd_cdc_if_1.o
    0x08000538   0x08000538   0x0000000c   Code   RO          230    i.DMA1_Channel1_IRQHandler  stm32f1xx_it.o
    0x08000544   0x08000544   0x0000000c   Code   RO          231    i.DMA1_Channel6_IRQHandler  stm32f1xx_it.o
    0x08000550   0x08000550   0x0000002a   Code   RO         1259    i.DMA_SetConfig     stm32f1xx_hal_dma.o
    0x0800057a   0x0800057a   0x00000002   Code   RO          232    i.DebugMon_Handler  stm32f1xx_it.o
    0x0800057c   0x0800057c   0x00000004   Code   RO           13    i.Error_Handler     main.o
    0x08000580   0x08000580   0x000000fc   Code   RO         1862    i.HAL_ADC_ConfigChannel  stm32f1xx_hal_adc.o
    0x0800067c   0x0800067c   0x00000018   Code   RO           14    i.HAL_ADC_ConvCpltCallback  main.o
    0x08000694   0x08000694   0x00000002   Code   RO         1864    i.HAL_ADC_ConvHalfCpltCallback  stm32f1xx_hal_adc.o
    0x08000696   0x08000696   0x00000002   Code   RO         1866    i.HAL_ADC_ErrorCallback  stm32f1xx_hal_adc.o
    0x08000698   0x08000698   0x0000011c   Code   RO         1871    i.HAL_ADC_Init      stm32f1xx_hal_adc.o
    0x080007b4   0x080007b4   0x00000090   Code   RO          324    i.HAL_ADC_MspInit   stm32f1xx_hal_msp.o
    0x08000844   0x08000844   0x0000010c   Code   RO         1878    i.HAL_ADC_Start_DMA  stm32f1xx_hal_adc.o
    0x08000950   0x08000950   0x00000154   Code   RO         1265    i.HAL_DMA_IRQHandler  stm32f1xx_hal_dma.o
    0x08000aa4   0x08000aa4   0x0000005c   Code   RO         1266    i.HAL_DMA_Init      stm32f1xx_hal_dma.o
    0x08000b00   0x08000b00   0x00000070   Code   RO         1270    i.HAL_DMA_Start_IT  stm32f1xx_hal_dma.o
    0x08000b70   0x08000b70   0x000001e0   Code   RO         1196    i.HAL_GPIO_Init     stm32f1xx_hal_gpio.o
    0x08000d50   0x08000d50   0x0000000c   Code   RO          890    i.HAL_GetTick       stm32f1xx_hal.o
    0x08000d5c   0x08000d5c   0x00000010   Code   RO          896    i.HAL_IncTick       stm32f1xx_hal.o
    0x08000d6c   0x08000d6c   0x00000024   Code   RO          897    i.HAL_Init          stm32f1xx_hal.o
    0x08000d90   0x08000d90   0x00000040   Code   RO          898    i.HAL_InitTick      stm32f1xx_hal.o
    0x08000dd0   0x08000dd0   0x0000003c   Code   RO          325    i.HAL_MspInit       stm32f1xx_hal_msp.o
    0x08000e0c   0x08000e0c   0x0000001a   Code   RO         1356    i.HAL_NVIC_EnableIRQ  stm32f1xx_hal_cortex.o
    0x08000e26   0x08000e26   0x00000002   PAD
    0x08000e28   0x08000e28   0x00000040   Code   RO         1362    i.HAL_NVIC_SetPriority  stm32f1xx_hal_cortex.o
    0x08000e68   0x08000e68   0x00000024   Code   RO         1363    i.HAL_NVIC_SetPriorityGrouping  stm32f1xx_hal_cortex.o
    0x08000e8c   0x08000e8c   0x0000003c   Code   RO          653    i.HAL_PCDEx_PMAConfig  stm32f1xx_hal_pcd_ex.o
    0x08000ec8   0x08000ec8   0x00000002   Code   RO         3314    i.HAL_PCDEx_SetConnectionState  usbd_conf.o
    0x08000eca   0x08000eca   0x00000012   Code   RO         3316    i.HAL_PCD_DataInStageCallback  usbd_conf.o
    0x08000edc   0x08000edc   0x00000014   Code   RO         3317    i.HAL_PCD_DataOutStageCallback  usbd_conf.o
    0x08000ef0   0x08000ef0   0x0000004a   Code   RO          424    i.HAL_PCD_EP_Close  stm32f1xx_hal_pcd.o
    0x08000f3a   0x08000f3a   0x0000005a   Code   RO          425    i.HAL_PCD_EP_ClrStall  stm32f1xx_hal_pcd.o
    0x08000f94   0x08000f94   0x000000e6   Code   RO          426    i.HAL_PCD_EP_DB_Receive  stm32f1xx_hal_pcd.o
    0x0800107a   0x0800107a   0x00000338   Code   RO          427    i.HAL_PCD_EP_DB_Transmit  stm32f1xx_hal_pcd.o
    0x080013b2   0x080013b2   0x00000012   Code   RO          429    i.HAL_PCD_EP_GetRxCount  stm32f1xx_hal_pcd.o
    0x080013c4   0x080013c4   0x00000058   Code   RO          430    i.HAL_PCD_EP_Open   stm32f1xx_hal_pcd.o
    0x0800141c   0x0800141c   0x0000002e   Code   RO          431    i.HAL_PCD_EP_Receive  stm32f1xx_hal_pcd.o
    0x0800144a   0x0800144a   0x00000070   Code   RO          432    i.HAL_PCD_EP_SetStall  stm32f1xx_hal_pcd.o
    0x080014ba   0x080014ba   0x0000002e   Code   RO          433    i.HAL_PCD_EP_Transmit  stm32f1xx_hal_pcd.o
    0x080014e8   0x080014e8   0x00000134   Code   RO          435    i.HAL_PCD_IRQHandler  stm32f1xx_hal_pcd.o
    0x0800161c   0x0800161c   0x000000ba   Code   RO          438    i.HAL_PCD_Init      stm32f1xx_hal_pcd.o
    0x080016d6   0x080016d6   0x00000002   PAD
    0x080016d8   0x080016d8   0x0000003c   Code   RO         3322    i.HAL_PCD_MspInit   usbd_conf.o
    0x08001714   0x08001714   0x00000026   Code   RO         3323    i.HAL_PCD_ResetCallback  usbd_conf.o
    0x0800173a   0x0800173a   0x00000008   Code   RO         3324    i.HAL_PCD_ResumeCallback  usbd_conf.o
    0x08001742   0x08001742   0x00000008   Code   RO         3325    i.HAL_PCD_SOFCallback  usbd_conf.o
    0x0800174a   0x0800174a   0x00000026   Code   RO          444    i.HAL_PCD_SetAddress  stm32f1xx_hal_pcd.o
    0x08001770   0x08001770   0x0000000e   Code   RO         3326    i.HAL_PCD_SetupStageCallback  usbd_conf.o
    0x0800177e   0x0800177e   0x00000032   Code   RO          446    i.HAL_PCD_Start     stm32f1xx_hal_pcd.o
    0x080017b0   0x080017b0   0x00000024   Code   RO         3327    i.HAL_PCD_SuspendCallback  usbd_conf.o
    0x080017d4   0x080017d4   0x000000ec   Code   RO         1158    i.HAL_RCCEx_PeriphCLKConfig  stm32f1xx_hal_rcc_ex.o
    0x080018c0   0x080018c0   0x0000012c   Code   RO         1054    i.HAL_RCC_ClockConfig  stm32f1xx_hal_rcc.o
    0x080019ec   0x080019ec   0x0000004c   Code   RO         1063    i.HAL_RCC_GetSysClockFreq  stm32f1xx_hal_rcc.o
    0x08001a38   0x08001a38   0x00000320   Code   RO         1066    i.HAL_RCC_OscConfig  stm32f1xx_hal_rcc.o
    0x08001d58   0x08001d58   0x00000028   Code   RO         1367    i.HAL_SYSTICK_Config  stm32f1xx_hal_cortex.o
    0x08001d80   0x08001d80   0x00000002   Code   RO         2838    i.HAL_TIMEx_BreakCallback  stm32f1xx_hal_tim_ex.o
    0x08001d82   0x08001d82   0x00000002   Code   RO         2839    i.HAL_TIMEx_CommutCallback  stm32f1xx_hal_tim_ex.o
    0x08001d84   0x08001d84   0x00000068   Code   RO         2857    i.HAL_TIMEx_MasterConfigSynchronization  stm32f1xx_hal_tim_ex.o
    0x08001dec   0x08001dec   0x00000050   Code   RO         2137    i.HAL_TIM_Base_Start  stm32f1xx_hal_tim.o
    0x08001e3c   0x08001e3c   0x00000058   Code   RO         2139    i.HAL_TIM_Base_Start_IT  stm32f1xx_hal_tim.o
    0x08001e94   0x08001e94   0x00000002   Code   RO         2168    i.HAL_TIM_IC_CaptureCallback  stm32f1xx_hal_tim.o
    0x08001e96   0x08001e96   0x00000130   Code   RO         2182    i.HAL_TIM_IRQHandler  stm32f1xx_hal_tim.o
    0x08001fc6   0x08001fc6   0x00000002   PAD
    0x08001fc8   0x08001fc8   0x0000004c   Code   RO          326    i.HAL_TIM_MspPostInit  stm32f1xx_hal_msp.o
    0x08002014   0x08002014   0x00000002   Code   RO         2185    i.HAL_TIM_OC_DelayElapsedCallback  stm32f1xx_hal_tim.o
    0x08002016   0x08002016   0x000000cc   Code   RO         2206    i.HAL_TIM_PWM_ConfigChannel  stm32f1xx_hal_tim.o
    0x080020e2   0x080020e2   0x0000005a   Code   RO         2209    i.HAL_TIM_PWM_Init  stm32f1xx_hal_tim.o
    0x0800213c   0x0800213c   0x00000060   Code   RO          328    i.HAL_TIM_PWM_MspInit  stm32f1xx_hal_msp.o
    0x0800219c   0x0800219c   0x00000002   Code   RO         2212    i.HAL_TIM_PWM_PulseFinishedCallback  stm32f1xx_hal_tim.o
    0x0800219e   0x0800219e   0x00000002   PAD
    0x080021a0   0x080021a0   0x0000009c   Code   RO         2214    i.HAL_TIM_PWM_Start  stm32f1xx_hal_tim.o
    0x0800223c   0x0800223c   0x00000034   Code   RO           15    i.HAL_TIM_PeriodElapsedCallback  main.o
    0x08002270   0x08002270   0x00000002   Code   RO         2225    i.HAL_TIM_TriggerCallback  stm32f1xx_hal_tim.o
    0x08002272   0x08002272   0x00000002   Code   RO          233    i.HardFault_Handler  stm32f1xx_it.o
    0x08002274   0x08002274   0x00000038   Code   RO         3174    i.IntToUnicode      usbd_desc.o
    0x080022ac   0x080022ac   0x0000008c   Code   RO           16    i.MX_ADC1_Init      main.o
    0x08002338   0x08002338   0x0000006c   Code   RO           17    i.MX_TIM3_Init      main.o
    0x080023a4   0x080023a4   0x00000054   Code   RO         3143    i.MX_USB_DEVICE_Init  usb_device.o
    0x080023f8   0x080023f8   0x00000002   Code   RO          234    i.MemManage_Handler  stm32f1xx_it.o
    0x080023fa   0x080023fa   0x00000002   Code   RO          235    i.NMI_Handler       stm32f1xx_it.o
    0x080023fc   0x080023fc   0x000003a6   Code   RO          450    i.PCD_EP_ISR_Handler  stm32f1xx_hal_pcd.o
    0x080027a2   0x080027a2   0x00000002   Code   RO          236    i.PendSV_Handler    stm32f1xx_it.o
    0x080027a4   0x080027a4   0x00000002   Code   RO          237    i.SVC_Handler       stm32f1xx_it.o
    0x080027a6   0x080027a6   0x00000002   PAD
    0x080027a8   0x080027a8   0x0000014c   Code   RO           18    i.Setup_Waveform    main.o
    0x080028f4   0x080028f4   0x00000004   Code   RO          238    i.SysTick_Handler   stm32f1xx_it.o
    0x080028f8   0x080028f8   0x0000007c   Code   RO           19    i.SystemClock_Config  main.o
    0x08002974   0x08002974   0x00000002   Code   RO         3106    i.SystemInit        system_stm32f1xx.o
    0x08002976   0x08002976   0x00000002   PAD
    0x08002978   0x08002978   0x0000000c   Code   RO           20    i.TIM3_IRQHandler   main.o
    0x08002984   0x08002984   0x00000078   Code   RO         2227    i.TIM_Base_SetConfig  stm32f1xx_hal_tim.o
    0x080029fc   0x080029fc   0x0000001a   Code   RO         2228    i.TIM_CCxChannelCmd  stm32f1xx_hal_tim.o
    0x08002a16   0x08002a16   0x00000002   PAD
    0x08002a18   0x08002a18   0x00000050   Code   RO         2240    i.TIM_OC1_SetConfig  stm32f1xx_hal_tim.o
    0x08002a68   0x08002a68   0x00000058   Code   RO         2241    i.TIM_OC2_SetConfig  stm32f1xx_hal_tim.o
    0x08002ac0   0x08002ac0   0x00000058   Code   RO         2242    i.TIM_OC3_SetConfig  stm32f1xx_hal_tim.o
    0x08002b18   0x08002b18   0x00000044   Code   RO         2243    i.TIM_OC4_SetConfig  stm32f1xx_hal_tim.o
    0x08002b5c   0x08002b5c   0x00000046   Code   RO         3789    i.USBD_CDC_DataIn   usbd_cdc.o
    0x08002ba2   0x08002ba2   0x0000002e   Code   RO         3790    i.USBD_CDC_DataOut  usbd_cdc.o
    0x08002bd0   0x08002bd0   0x00000044   Code   RO         3791    i.USBD_CDC_DeInit   usbd_cdc.o
    0x08002c14   0x08002c14   0x00000024   Code   RO         3792    i.USBD_CDC_EP0_RxReady  usbd_cdc.o
    0x08002c38   0x08002c38   0x0000000c   Code   RO         3793    i.USBD_CDC_GetDeviceQualifierDescriptor  usbd_cdc.o
    0x08002c44   0x08002c44   0x0000000c   Code   RO         3794    i.USBD_CDC_GetFSCfgDesc  usbd_cdc.o
    0x08002c50   0x08002c50   0x0000000c   Code   RO         3795    i.USBD_CDC_GetHSCfgDesc  usbd_cdc.o
    0x08002c5c   0x08002c5c   0x0000000c   Code   RO         3796    i.USBD_CDC_GetOtherSpeedCfgDesc  usbd_cdc.o
    0x08002c68   0x08002c68   0x00000094   Code   RO         3797    i.USBD_CDC_Init     usbd_cdc.o
    0x08002cfc   0x08002cfc   0x00000028   Code   RO         3798    i.USBD_CDC_ReceivePacket  usbd_cdc.o
    0x08002d24   0x08002d24   0x00000010   Code   RO         3799    i.USBD_CDC_RegisterInterface  usbd_cdc.o
    0x08002d34   0x08002d34   0x0000000c   Code   RO         3800    i.USBD_CDC_SetRxBuffer  usbd_cdc.o
    0x08002d40   0x08002d40   0x00000010   Code   RO         3801    i.USBD_CDC_SetTxBuffer  usbd_cdc.o
    0x08002d50   0x08002d50   0x000000ac   Code   RO         3802    i.USBD_CDC_Setup    usbd_cdc.o
    0x08002dfc   0x08002dfc   0x00000036   Code   RO         3803    i.USBD_CDC_TransmitPacket  usbd_cdc.o
    0x08002e32   0x08002e32   0x0000000e   Code   RO         3526    i.USBD_ClrClassConfig  usbd_core.o
    0x08002e40   0x08002e40   0x00000010   Code   RO         3729    i.USBD_CtlContinueRx  usbd_ioreq.o
    0x08002e50   0x08002e50   0x00000010   Code   RO         3730    i.USBD_CtlContinueSendData  usbd_ioreq.o
    0x08002e60   0x08002e60   0x00000016   Code   RO         3664    i.USBD_CtlError     usbd_ctlreq.o
    0x08002e76   0x08002e76   0x0000001e   Code   RO         3731    i.USBD_CtlPrepareRx  usbd_ioreq.o
    0x08002e94   0x08002e94   0x00000016   Code   RO         3732    i.USBD_CtlReceiveStatus  usbd_ioreq.o
    0x08002eaa   0x08002eaa   0x0000001a   Code   RO         3733    i.USBD_CtlSendData  usbd_ioreq.o
    0x08002ec4   0x08002ec4   0x00000016   Code   RO         3734    i.USBD_CtlSendStatus  usbd_ioreq.o
    0x08002eda   0x08002eda   0x00000002   PAD
    0x08002edc   0x08002edc   0x00000020   Code   RO         3175    i.USBD_FS_ConfigStrDescriptor  usbd_desc.o
    0x08002efc   0x08002efc   0x0000000c   Code   RO         3176    i.USBD_FS_DeviceDescriptor  usbd_desc.o
    0x08002f08   0x08002f08   0x00000024   Code   RO         3177    i.USBD_FS_InterfaceStrDescriptor  usbd_desc.o
    0x08002f2c   0x08002f2c   0x0000000c   Code   RO         3178    i.USBD_FS_LangIDStrDescriptor  usbd_desc.o
    0x08002f38   0x08002f38   0x00000028   Code   RO         3179    i.USBD_FS_ManufacturerStrDescriptor  usbd_desc.o
    0x08002f60   0x08002f60   0x0000002c   Code   RO         3180    i.USBD_FS_ProductStrDescriptor  usbd_desc.o
    0x08002f8c   0x08002f8c   0x00000038   Code   RO         3181    i.USBD_FS_SerialStrDescriptor  usbd_desc.o
    0x08002fc4   0x08002fc4   0x000000e8   Code   RO         3665    i.USBD_GetDescriptor  usbd_ctlreq.o
    0x080030ac   0x080030ac   0x00000048   Code   RO         3666    i.USBD_GetString    usbd_ctlreq.o
    0x080030f4   0x080030f4   0x00000018   Code   RO         3328    i.USBD_Get_USB_Status  usbd_conf.o
    0x0800310c   0x0800310c   0x0000002a   Code   RO         3528    i.USBD_Init         usbd_core.o
    0x08003136   0x08003136   0x00000012   Code   RO         3329    i.USBD_LL_ClearStallEP  usbd_conf.o
    0x08003148   0x08003148   0x00000012   Code   RO         3330    i.USBD_LL_CloseEP   usbd_conf.o
    0x0800315a   0x0800315a   0x000000c6   Code   RO         3529    i.USBD_LL_DataInStage  usbd_core.o
    0x08003220   0x08003220   0x00000082   Code   RO         3530    i.USBD_LL_DataOutStage  usbd_core.o
    0x080032a2   0x080032a2   0x00000008   Code   RO         3334    i.USBD_LL_GetRxDataSize  usbd_conf.o
    0x080032aa   0x080032aa   0x00000002   PAD
    0x080032ac   0x080032ac   0x00000080   Code   RO         3335    i.USBD_LL_Init      usbd_conf.o
    0x0800332c   0x0800332c   0x0000001e   Code   RO         3336    i.USBD_LL_IsStallEP  usbd_conf.o
    0x0800334a   0x0800334a   0x00000018   Code   RO         3337    i.USBD_LL_OpenEP    usbd_conf.o
    0x08003362   0x08003362   0x00000012   Code   RO         3338    i.USBD_LL_PrepareReceive  usbd_conf.o
    0x08003374   0x08003374   0x00000050   Code   RO         3535    i.USBD_LL_Reset     usbd_core.o
    0x080033c4   0x080033c4   0x00000014   Code   RO         3536    i.USBD_LL_Resume    usbd_core.o
    0x080033d8   0x080033d8   0x00000018   Code   RO         3537    i.USBD_LL_SOF       usbd_core.o
    0x080033f0   0x080033f0   0x00000006   Code   RO         3538    i.USBD_LL_SetSpeed  usbd_core.o
    0x080033f6   0x080033f6   0x00000012   Code   RO         3339    i.USBD_LL_SetUSBAddress  usbd_conf.o
    0x08003408   0x08003408   0x0000005a   Code   RO         3539    i.USBD_LL_SetupStage  usbd_core.o
    0x08003462   0x08003462   0x00000012   Code   RO         3340    i.USBD_LL_StallEP   usbd_conf.o
    0x08003474   0x08003474   0x00000012   Code   RO         3341    i.USBD_LL_Start     usbd_conf.o
    0x08003486   0x08003486   0x00000012   Code   RO         3540    i.USBD_LL_Suspend   usbd_core.o
    0x08003498   0x08003498   0x00000012   Code   RO         3343    i.USBD_LL_Transmit  usbd_conf.o
    0x080034aa   0x080034aa   0x00000028   Code   RO         3667    i.USBD_ParseSetupRequest  usbd_ctlreq.o
    0x080034d2   0x080034d2   0x00000010   Code   RO         3541    i.USBD_RegisterClass  usbd_core.o
    0x080034e2   0x080034e2   0x00000016   Code   RO         3543    i.USBD_SetClassConfig  usbd_core.o
    0x080034f8   0x080034f8   0x00000084   Code   RO         3668    i.USBD_SetConfig    usbd_ctlreq.o
    0x0800357c   0x0800357c   0x0000000a   Code   RO         3544    i.USBD_Start        usbd_core.o
    0x08003586   0x08003586   0x00000112   Code   RO         3669    i.USBD_StdDevReq    usbd_ctlreq.o
    0x08003698   0x08003698   0x00000150   Code   RO         3670    i.USBD_StdEPReq     usbd_ctlreq.o
    0x080037e8   0x080037e8   0x0000004e   Code   RO         3671    i.USBD_StdItfReq    usbd_ctlreq.o
    0x08003836   0x08003836   0x00000002   Code   RO         3344    i.USBD_static_free  usbd_conf.o
    0x08003838   0x08003838   0x00000008   Code   RO         3345    i.USBD_static_malloc  usbd_conf.o
    0x08003840   0x08003840   0x0000029c   Code   RO          693    i.USB_ActivateEndpoint  stm32f1xx_ll_usb.o
    0x08003adc   0x08003adc   0x00000004   Code   RO          696    i.USB_CoreInit      stm32f1xx_ll_usb.o
    0x08003ae0   0x08003ae0   0x0000010e   Code   RO          698    i.USB_DeactivateEndpoint  stm32f1xx_ll_usb.o
    0x08003bee   0x08003bee   0x00000004   Code   RO          699    i.USB_DevConnect    stm32f1xx_ll_usb.o
    0x08003bf2   0x08003bf2   0x00000004   Code   RO          700    i.USB_DevDisconnect  stm32f1xx_ll_usb.o
    0x08003bf6   0x08003bf6   0x00000012   Code   RO          701    i.USB_DevInit       stm32f1xx_ll_usb.o
    0x08003c08   0x08003c08   0x0000000e   Code   RO          702    i.USB_DisableGlobalInt  stm32f1xx_ll_usb.o
    0x08003c16   0x08003c16   0x00000004   Code   RO          703    i.USB_EP0_OutStart  stm32f1xx_ll_usb.o
    0x08003c1a   0x08003c1a   0x00000078   Code   RO          704    i.USB_EPClearStall  stm32f1xx_ll_usb.o
    0x08003c92   0x08003c92   0x00000032   Code   RO          705    i.USB_EPSetStall    stm32f1xx_ll_usb.o
    0x08003cc4   0x08003cc4   0x000004e2   Code   RO          706    i.USB_EPStartXfer   stm32f1xx_ll_usb.o
    0x080041a6   0x080041a6   0x00000012   Code   RO          708    i.USB_EnableGlobalInt  stm32f1xx_ll_usb.o
    0x080041b8   0x080041b8   0x0000000c   Code   RO          239    i.USB_LP_CAN1_RX0_IRQHandler  stm32f1xx_it.o
    0x080041c4   0x080041c4   0x00000006   Code   RO          715    i.USB_ReadInterrupts  stm32f1xx_ll_usb.o
    0x080041ca   0x080041ca   0x00000002   PAD
    0x080041cc   0x080041cc   0x0000002c   Code   RO          716    i.USB_ReadPMA       stm32f1xx_ll_usb.o
    0x080041f8   0x080041f8   0x00000004   Code   RO          717    i.USB_SetCurrentMode  stm32f1xx_ll_usb.o
    0x080041fc   0x080041fc   0x0000000c   Code   RO          718    i.USB_SetDevAddress  stm32f1xx_ll_usb.o
    0x08004208   0x08004208   0x00000026   Code   RO          720    i.USB_WritePMA      stm32f1xx_ll_usb.o
    0x0800422e   0x0800422e   0x00000002   Code   RO          240    i.UsageFault_Handler  stm32f1xx_it.o
    0x08004230   0x08004230   0x00000028   Code   RO         4028    i.__ARM_fpclassify  m_ws.l(fpclassify.o)
    0x08004258   0x08004258   0x00000020   Code   RO         1369    i.__NVIC_SetPriority  stm32f1xx_hal_cortex.o
    0x08004278   0x08004278   0x00000388   Code   RO         3981    i.__ieee754_rem_pio2  m_ws.l(rred.o)
    0x08004600   0x08004600   0x000000fc   Code   RO         3964    i.__kernel_cos      m_ws.l(cos_i.o)
    0x080046fc   0x080046fc   0x000000aa   Code   RO         4030    i.__kernel_poly     m_ws.l(poly.o)
    0x080047a6   0x080047a6   0x00000002   PAD
    0x080047a8   0x080047a8   0x000000ec   Code   RO         3986    i.__kernel_sin      m_ws.l(sin_i.o)
    0x08004894   0x08004894   0x00000006   Code   RO         3968    i.__mathlib_dbl_infnan  m_ws.l(dunder.o)
    0x0800489a   0x0800489a   0x0000000c   Code   RO         3970    i.__mathlib_dbl_invalid  m_ws.l(dunder.o)
    0x080048a6   0x080048a6   0x00000002   PAD
    0x080048a8   0x080048a8   0x00000010   Code   RO         3973    i.__mathlib_dbl_underflow  m_ws.l(dunder.o)
    0x080048b8   0x080048b8   0x00000100   Code   RO           21    i.main              main.o
    0x080049b8   0x080049b8   0x000000a0   Code   RO         3941    i.sin               m_ws.l(sin.o)
    0x08004a58   0x08004a58   0x00000062   Code   RO         3902    x$fpl$d2f           fz_ws.l(d2f.o)
    0x08004aba   0x08004aba   0x00000002   PAD
    0x08004abc   0x08004abc   0x00000150   Code   RO         3904    x$fpl$dadd          fz_ws.l(daddsub_clz.o)
    0x08004c0c   0x08004c0c   0x00000010   Code   RO         3951    x$fpl$dcheck1       fz_ws.l(dcheck1.o)
    0x08004c1c   0x08004c1c   0x000002b0   Code   RO         4013    x$fpl$ddiv          fz_ws.l(ddiv.o)
    0x08004ecc   0x08004ecc   0x0000005e   Code   RO         4016    x$fpl$dfix          fz_ws.l(dfix.o)
    0x08004f2a   0x08004f2a   0x0000002e   Code   RO         4021    x$fpl$dflt          fz_ws.l(dflt_clz.o)
    0x08004f58   0x08004f58   0x00000026   Code   RO         4020    x$fpl$dfltu         fz_ws.l(dflt_clz.o)
    0x08004f7e   0x08004f7e   0x00000002   PAD
    0x08004f80   0x08004f80   0x00000154   Code   RO         3910    x$fpl$dmul          fz_ws.l(dmul.o)
    0x080050d4   0x080050d4   0x0000009c   Code   RO         3953    x$fpl$dnaninf       fz_ws.l(dnaninf.o)
    0x08005170   0x08005170   0x0000000c   Code   RO         3955    x$fpl$dretinf       fz_ws.l(dretinf.o)
    0x0800517c   0x0800517c   0x00000016   Code   RO         3905    x$fpl$drsb          fz_ws.l(daddsub_clz.o)
    0x08005192   0x08005192   0x00000002   PAD
    0x08005194   0x08005194   0x000001d4   Code   RO         3906    x$fpl$dsub          fz_ws.l(daddsub_clz.o)
    0x08005368   0x08005368   0x00000056   Code   RO         3912    x$fpl$f2d           fz_ws.l(f2d.o)
    0x080053be   0x080053be   0x00000002   PAD
    0x080053c0   0x080053c0   0x000000c4   Code   RO         3914    x$fpl$fadd          fz_ws.l(faddsub_clz.o)
    0x08005484   0x08005484   0x0000000c   Code   RO         3957    x$fpl$fcheck1       fz_ws.l(fcheck1.o)
    0x08005490   0x08005490   0x00000184   Code   RO         3921    x$fpl$fdiv          fz_ws.l(fdiv.o)
    0x08005614   0x08005614   0x0000003e   Code   RO         3924    x$fpl$ffixu         fz_ws.l(ffixu.o)
    0x08005652   0x08005652   0x00000002   PAD
    0x08005654   0x08005654   0x00000030   Code   RO         3929    x$fpl$fflt          fz_ws.l(fflt_clz.o)
    0x08005684   0x08005684   0x00000026   Code   RO         3928    x$fpl$ffltu         fz_ws.l(fflt_clz.o)
    0x080056aa   0x080056aa   0x00000002   PAD
    0x080056ac   0x080056ac   0x00000102   Code   RO         3934    x$fpl$fmul          fz_ws.l(fmul.o)
    0x080057ae   0x080057ae   0x0000008c   Code   RO         3959    x$fpl$fnaninf       fz_ws.l(fnaninf.o)
    0x0800583a   0x0800583a   0x0000000a   Code   RO         3961    x$fpl$fretinf       fz_ws.l(fretinf.o)
    0x08005844   0x08005844   0x000000ea   Code   RO         3916    x$fpl$fsub          fz_ws.l(faddsub_clz.o)
    0x0800592e   0x0800592e   0x00000064   Code   RO         4026    x$fpl$retnan        fz_ws.l(retnan.o)
    0x08005992   0x08005992   0x0000005c   Code   RO         3936    x$fpl$scalbn        fz_ws.l(scalbn.o)
    0x080059ee   0x080059ee   0x0000004c   Code   RO         3938    x$fpl$scalbnf       fz_ws.l(scalbnf.o)
    0x08005a3a   0x08005a3a   0x00000030   Code   RO         4045    x$fpl$trapveneer    fz_ws.l(trapv.o)
    0x08005a6a   0x08005a6a   0x00000000   Code   RO         3963    x$fpl$usenofp       fz_ws.l(usenofp.o)
    0x08005a6a   0x08005a6a   0x00000012   Data   RO         1067    .constdata          stm32f1xx_hal_rcc.o
    0x08005a7c   0x08005a7c   0x00000010   Data   RO         3107    .constdata          system_stm32f1xx.o
    0x08005a8c   0x08005a8c   0x00000004   PAD
    0x08005a90   0x08005a90   0x00000030   Data   RO         3965    .constdata          m_ws.l(cos_i.o)
    0x08005ac0   0x08005ac0   0x000000c8   Data   RO         3983    .constdata          m_ws.l(rred.o)
    0x08005b88   0x08005b88   0x00000028   Data   RO         3987    .constdata          m_ws.l(sin_i.o)
    0x08005bb0   0x08005bb0   0x00000020   Data   RO         4171    Region$$Table       anon$$obj.o


    Execution Region RW_IRAM1 (Exec base: 0x20000000, Load base: 0x08005bd0, Size: 0x00001e98, Max: 0x00005000, ABSOLUTE, COMPRESSED[0x000000c0])

    Exec Addr    Load Addr    Size         Type   Attr      Idx    E Section Name        Object

    0x20000000   COMPRESSED   0x00000004   Data   RW           25    .data               main.o
    0x20000004   COMPRESSED   0x0000000c   Data   RW          904    .data               stm32f1xx_hal.o
    0x20000010   COMPRESSED   0x00000004   Data   RW         3109    .data               system_stm32f1xx.o
    0x20000014   COMPRESSED   0x0000001c   Data   RW         3183    .data               usbd_desc.o
    0x20000030   COMPRESSED   0x00000032   Data   RW         3184    .data               usbd_desc.o
    0x20000062   COMPRESSED   0x00000006   Data   RW         3267    .data               usbd_cdc_if_1.o
    0x20000068   COMPRESSED   0x00000010   Data   RW         3268    .data               usbd_cdc_if_1.o
    0x20000078   COMPRESSED   0x00000001   Data   RW         3672    .data               usbd_ctlreq.o
    0x20000079   COMPRESSED   0x00000003   PAD
    0x2000007c   COMPRESSED   0x000000d7   Data   RW         3804    .data               usbd_cdc.o
    0x20000153   COMPRESSED   0x00000001   PAD
    0x20000154   COMPRESSED   0x00000038   Data   RW         3805    .data               usbd_cdc.o
    0x2000018c        -       0x00000468   Zero   RW           22    .bss                main.o
    0x200005f4        -       0x00000044   Zero   RW           23    .bss                main.o
    0x20000638        -       0x00000044   Zero   RW           24    .bss                main.o
    0x2000067c        -       0x000002c4   Zero   RW         3144    .bss                usb_device.o
    0x20000940        -       0x00000200   Zero   RW         3182    .bss                usbd_desc.o
    0x20000b40        -       0x00000800   Zero   RW         3265    .bss                usbd_cdc_if_1.o
    0x20001340        -       0x000004f8   Zero   RW         3346    .bss                usbd_conf.o
    0x20001838        -       0x00000060   Zero   RW         4033    .bss                c_w.l(libspace.o)
    0x20001898        -       0x00000200   Zero   RW            2    HEAP                startup_stm32f103xb.o
    0x20001a98        -       0x00000400   Zero   RW            1    STACK               startup_stm32f103xb.o


==============================================================================

Image component sizes


      Code (inc. data)   RO Data    RW Data    ZI Data      Debug   Object Name

      1052         94          0          4       1264     458341   main.o
        64         26        236          0       1536        784   startup_stm32f103xb.o
       128         24          0         12          0       5109   stm32f1xx_hal.o
      1132         56          0          0          0       7711   stm32f1xx_hal_adc.o
       198         14          0          0          0      28779   stm32f1xx_hal_cortex.o
       586         32          0          0          0       3463   stm32f1xx_hal_dma.o
       480         34          0          0          0       2208   stm32f1xx_hal_gpio.o
       376         60          0          0          0       2843   stm32f1xx_hal_msp.o
      3044          0          0          0          0      13845   stm32f1xx_hal_pcd.o
        60          0          0          0          0       1118   stm32f1xx_hal_pcd_ex.o
      1176         60         18          0          0       3878   stm32f1xx_hal_rcc.o
       236         12          0          0          0       1332   stm32f1xx_hal_rcc_ex.o
      1400         70          0          0          0      11909   stm32f1xx_hal_tim.o
       108         12          0          0          0       2293   stm32f1xx_hal_tim_ex.o
        56         18          0          0          0       4897   stm32f1xx_it.o
      2528          0          0          0          0      15635   stm32f1xx_ll_usb.o
         2          0         16          4          0       1035   system_stm32f1xx.o
        84         18          0          0        708        740   usb_device.o
       726         16          0        271          0      12546   usbd_cdc.o
       256         38          0         22       2048       3778   usbd_cdc_if_1.o
       554         30          0          0       1272      13537   usbd_conf.o
       670          0          0          0          0       9083   usbd_core.o
      1186         28          0          1          0       7672   usbd_ctlreq.o
       288        104          0         78        512       5657   usbd_desc.o
       132          0          0          0          0       4136   usbd_ioreq.o

    ----------------------------------------------------------------------
     16544        746        306        396       7340     622329   Object Totals
         0          0         32          0          0          0   (incl. Generated)
        22          0          4          4          0          0   (incl. Padding)

    ----------------------------------------------------------------------

      Code (inc. data)   RO Data    RW Data    ZI Data      Debug   Library Member Name

        90          0          0          0          0          0   __dczerorl2.o
         8          0          0          0          0         68   __main.o
         0          0          0          0          0          0   __rtentry.o
        12          0          0          0          0          0   __rtentry2.o
         6          0          0          0          0          0   __rtentry4.o
        52          8          0          0          0          0   __scatter.o
        28          0          0          0          0          0   __scatter_zi.o
        22          0          0          0          0        100   _rserrno.o
        18          0          0          0          0         80   exit.o
         6          0          0          0          0        152   heapauxi.o
         0          0          0          0          0          0   indicate_semi.o
         2          0          0          0          0          0   libinit.o
         2          0          0          0          0          0   libinit2.o
         2          0          0          0          0          0   libshutdown.o
         2          0          0          0          0          0   libshutdown2.o
         8          4          0          0         96         68   libspace.o
         8          4          0          0          0         68   rt_errno_addr_intlibspace.o
        78          0          0          0          0         80   rt_memclr_w.o
         2          0          0          0          0          0   rtexit.o
        10          0          0          0          0          0   rtexit2.o
        12          4          0          0          0         68   sys_exit.o
        74          0          0          0          0         80   sys_stackheap_outer.o
         2          0          0          0          0         68   use_no_semi.o
        98          4          0          0          0         92   d2f.o
       826         16          0          0          0        348   daddsub_clz.o
        16          4          0          0          0         68   dcheck1.o
       688        140          0          0          0        208   ddiv.o
        94          4          0          0          0         92   dfix.o
        84          0          0          0          0        136   dflt_clz.o
       340         12          0          0          0        104   dmul.o
       156          4          0          0          0         92   dnaninf.o
        12          0          0          0          0         68   dretinf.o
        86          4          0          0          0         84   f2d.o
       430          8          0          0          0        168   faddsub_clz.o
        12          4          0          0          0         68   fcheck1.o
       388         76          0          0          0         96   fdiv.o
        62          4          0          0          0         84   ffixu.o
        86          0          0          0          0        136   fflt_clz.o
       258          4          0          0          0         84   fmul.o
       140          4          0          0          0         84   fnaninf.o
        10          0          0          0          0         68   fretinf.o
       100          0          0          0          0         68   retnan.o
        92          0          0          0          0         68   scalbn.o
        76          0          0          0          0         68   scalbnf.o
        48          0          0          0          0         68   trapv.o
         0          0          0          0          0          0   usenofp.o
       252         22         48          0          0        124   cos_i.o
        34          6          0          0          0        204   dunder.o
        40          0          0          0          0         68   fpclassify.o
       170          0          0          0          0         96   poly.o
       904         76        200          0          0        140   rred.o
       160         10          0          0          0        108   sin.o
       236         12         40          0          0        128   sin_i.o

    ----------------------------------------------------------------------
      6366        434        288          0         96       4052   Library Totals
        24          0          0          0          0          0   (incl. Padding)

    ----------------------------------------------------------------------

      Code (inc. data)   RO Data    RW Data    ZI Data      Debug   Library Name

       444         20          0          0         96        832   c_w.l
      4102        288          0          0          0       2352   fz_ws.l
      1796        126        288          0          0        868   m_ws.l

    ----------------------------------------------------------------------
      6366        434        288          0         96       4052   Library Totals

    ----------------------------------------------------------------------

==============================================================================


      Code (inc. data)   RO Data    RW Data    ZI Data      Debug   

     22910       1180        594        396       7436     614937   Grand Totals
     22910       1180        594        192       7436     614937   ELF Image Totals (compressed)
     22910       1180        594        192          0          0   ROM Totals

==============================================================================

    Total RO  Size (Code + RO Data)                23504 (  22.95kB)
    Total RW  Size (RW Data + ZI Data)              7832 (   7.65kB)
    Total ROM Size (Code + RO Data + RW Data)      23696 (  23.14kB)

==============================================================================

